[    0.000000] Linux version 6.14.0-27-generic (buildd@lcy02-amd64-120) (x86_64-linux-gnu-gcc-13 (Ubuntu 13.3.0-6ubuntu2~24.04) 13.3.0, GNU ld (GNU Binutils for Ubuntu) 2.42) #27~24.04.1-Ubuntu SMP PREEMPT_DYNAMIC Tue Jul 22 17:38:49 UTC 2 (Ubuntu 6.14.0-27.27~24.04.1-generic 6.14.6)
[    0.000000] Command line: BOOT_IMAGE=/casper/vmlinuz autoinstall ds=nocloud-net;s=http://10.0.2.2:8999/ console=ttyS0 loglevel=7 ---
[    0.000000] KERNEL supported cpus:
[    0.000000]   Intel GenuineIntel
[    0.000000]   AMD AuthenticAMD
[    0.000000]   Hygon HygonGenuine
[    0.000000]   Centaur CentaurHauls
[    0.000000]   zhaoxin   Shanghai
[    0.000000] BIOS-provided physical RAM map:
[    0.000000] BIOS-e820: [mem 0x0000000000000000-0x000000000009fbff] usable
[    0.000000] BIOS-e820: [mem 0x000000000009fc00-0x000000000009ffff] reserved
[    0.000000] BIOS-e820: [mem 0x00000000000f0000-0x00000000000fffff] reserved
[    0.000000] BIOS-e820: [mem 0x0000000000100000-0x00000000bffdcfff] usable
[    0.000000] BIOS-e820: [mem 0x00000000bffdd000-0x00000000bfffffff] reserved
[    0.000000] BIOS-e820: [mem 0x00000000feffc000-0x00000000feffffff] reserved
[    0.000000] BIOS-e820: [mem 0x00000000fffc0000-0x00000000ffffffff] reserved
[    0.000000] BIOS-e820: [mem 0x0000000100000000-0x00000001bfffffff] usable
[    0.000000] BIOS-e820: [mem 0x000000fd00000000-0x000000ffffffffff] reserved
[    0.000000] NX (Execute Disable) protection: active
[    0.000000] APIC: Static calls initialized
[    0.000000] SMBIOS 2.8 present.
[    0.000000] DMI: QEMU Standard PC (i440FX + PIIX, 1996), BIOS rel-1.16.3-0-ga6ed6b701f0a-prebuilt.qemu.org 04/01/2014
[    0.000000] DMI: Memory slots populated: 1/1
[    0.000000] Hypervisor detected: KVM
[    0.000000] kvm-clock: Using msrs 4b564d01 and 4b564d00
[    0.000000] kvm-clock: using sched offset of 45582894128 cycles
[    0.000003] clocksource: kvm-clock: mask: 0xffffffffffffffff max_cycles: 0x1cd42e4dffb, max_idle_ns: 881590591483 ns
[    0.000006] tsc: Detected 2295.676 MHz processor
[    0.129092] AGP: No AGP bridge found
[    0.130256] last_pfn = 0x1c0000 max_arch_pfn = 0x400000000
[    0.130297] MTRR map: 4 entries (3 fixed + 1 variable; max 19), built from 8 variable MTRRs
[    0.130301] x86/PAT: Configuration [0-7]: WB  WC  UC- UC  WB  WP  UC- WT
[    0.130356] last_pfn = 0xbffdd max_arch_pfn = 0x400000000
[    0.132497] found SMP MP-table at [mem 0x000f5470-0x000f547f]
[    0.132906] RAMDISK: [mem 0x2e32d000-0x3318dfff]
[    0.134088] ACPI: Early table checksum verification disabled
[    0.134091] ACPI: RSDP 0x00000000000F5270 000014 (v00 BOCHS )
[    0.134096] ACPI: RSDT 0x00000000BFFE2396 000034 (v01 BOCHS  BXPC     00000001 BXPC 00000001)
[    0.134102] ACPI: FACP 0x00000000BFFE2242 000074 (v01 BOCHS  BXPC     00000001 BXPC 00000001)
[    0.134113] ACPI: DSDT 0x00000000BFFE0040 002202 (v01 BOCHS  BXPC     00000001 BXPC 00000001)
[    0.134117] ACPI: FACS 0x00000000BFFE0000 000040
[    0.134120] ACPI: APIC 0x00000000BFFE22B6 000080 (v03 BOCHS  BXPC     00000001 BXPC 00000001)
[    0.134123] ACPI: HPET 0x00000000BFFE2336 000038 (v01 BOCHS  BXPC     00000001 BXPC 00000001)
[    0.134126] ACPI: WAET 0x00000000BFFE236E 000028 (v01 BOCHS  BXPC     00000001 BXPC 00000001)
[    0.134128] ACPI: Reserving FACP table memory at [mem 0xbffe2242-0xbffe22b5]
[    0.134130] ACPI: Reserving DSDT table memory at [mem 0xbffe0040-0xbffe2241]
[    0.134131] ACPI: Reserving FACS table memory at [mem 0xbffe0000-0xbffe003f]
[    0.134132] ACPI: Reserving APIC table memory at [mem 0xbffe22b6-0xbffe2335]
[    0.134133] ACPI: Reserving HPET table memory at [mem 0xbffe2336-0xbffe236d]
[    0.134134] ACPI: Reserving WAET table memory at [mem 0xbffe236e-0xbffe2395]
[    0.134820] No NUMA configuration found
[    0.134821] Faking a node at [mem 0x0000000000000000-0x00000001bfffffff]
[    0.134832] NODE_DATA(0) allocated [mem 0x1bffd3540-0x1bfffdfff]
[    0.135041] Zone ranges:
[    0.135042]   DMA      [mem 0x0000000000001000-0x0000000000ffffff]
[    0.135043]   DMA32    [mem 0x0000000001000000-0x00000000ffffffff]
[    0.135045]   Normal   [mem 0x0000000100000000-0x00000001bfffffff]
[    0.135046]   Device   empty
[    0.135047] Movable zone start for each node
[    0.135050] Early memory node ranges
[    0.135051]   node   0: [mem 0x0000000000001000-0x000000000009efff]
[    0.135052]   node   0: [mem 0x0000000000100000-0x00000000bffdcfff]
[    0.135054]   node   0: [mem 0x0000000100000000-0x00000001bfffffff]
[    0.135055] Initmem setup node 0 [mem 0x0000000000001000-0x00000001bfffffff]
[    0.135279] On node 0, zone DMA: 1 pages in unavailable ranges
[    0.135296] On node 0, zone DMA: 97 pages in unavailable ranges
[    0.153975] On node 0, zone Normal: 35 pages in unavailable ranges
[    0.154827] ACPI: PM-Timer IO Port: 0x608
[    0.154842] ACPI: LAPIC_NMI (acpi_id[0xff] dfl dfl lint[0x1])
[    0.154877] IOAPIC[0]: apic_id 0, version 17, address 0xfec00000, GSI 0-23
[    0.154880] ACPI: INT_SRC_OVR (bus 0 bus_irq 0 global_irq 2 dfl dfl)
[    0.154882] ACPI: INT_SRC_OVR (bus 0 bus_irq 5 global_irq 5 high level)
[    0.154883] ACPI: INT_SRC_OVR (bus 0 bus_irq 9 global_irq 9 high level)
[    0.154885] ACPI: INT_SRC_OVR (bus 0 bus_irq 10 global_irq 10 high level)
[    0.154886] ACPI: INT_SRC_OVR (bus 0 bus_irq 11 global_irq 11 high level)
[    0.154890] ACPI: Using ACPI (MADT) for SMP configuration information
[    0.154891] ACPI: HPET id: 0x8086a201 base: 0xfed00000
[    0.154899] CPU topo: Max. logical packages:   1
[    0.154899] CPU topo: Max. logical dies:       1
[    0.154900] CPU topo: Max. dies per package:   1
[    0.154904] CPU topo: Max. threads per core:   1
[    0.154905] CPU topo: Num. cores per package:     2
[    0.154906] CPU topo: Num. threads per package:   2
[    0.154906] CPU topo: Allowing 2 present CPUs plus 0 hotplug CPUs
[    0.154926] kvm-guest: APIC: eoi() replaced with kvm_guest_apic_eoi_write()
[    0.154943] PM: hibernation: Registered nosave memory: [mem 0x00000000-0x00000fff]
[    0.154945] PM: hibernation: Registered nosave memory: [mem 0x0009f000-0x000fffff]
[    0.154954] PM: hibernation: Registered nosave memory: [mem 0xbffdd000-0xffffffff]
[    0.154956] [mem 0xc0000000-0xfeffbfff] available for PCI devices
[    0.154957] Booting paravirtualized kernel on KVM
[    0.154959] clocksource: refined-jiffies: mask: 0xffffffff max_cycles: 0xffffffff, max_idle_ns: 1910969940391419 ns
[    0.154967] setup_percpu: NR_CPUS:8192 nr_cpumask_bits:2 nr_cpu_ids:2 nr_node_ids:1
[    0.155368] percpu: Embedded 88 pages/cpu s237568 r8192 d114688 u1048576
[    0.155400] kvm-guest: PV spinlocks disabled, no host support
[    0.155401] Kernel command line: BOOT_IMAGE=/casper/vmlinuz autoinstall ds=nocloud-net;s=http://10.0.2.2:8999/ console=ttyS0 loglevel=7 ---
[    0.155491] Unknown kernel command line parameters "autoinstall --- BOOT_IMAGE=/casper/vmlinuz ds=nocloud-net;s=http://10.0.2.2:8999/", will be passed to user space.
[    0.155496] printk: log buffer data + meta data: 262144 + 917504 = 1179648 bytes
[    0.156854] Dentry cache hash table entries: 1048576 (order: 11, 8388608 bytes, linear)
[    0.157553] Inode-cache hash table entries: 524288 (order: 10, 4194304 bytes, linear)
[    0.157591] Fallback order for Node 0: 0
[    0.157594] Built 1 zonelists, mobility grouping on.  Total pages: 1572731
[    0.157595] Policy zone: Normal
[    0.157604] mem auto-init: stack:all(zero), heap alloc:on, heap free:off
[    0.157606] AGP: Checking aperture...
[    0.289325] AGP: No AGP bridge found
[    0.290476] software IO TLB: area num 2.
[    0.352068] SLUB: HWalign=64, Order=0-3, MinObjects=0, CPUs=2, Nodes=1
[    0.352198] ftrace: allocating 60343 entries in 236 pages
[    0.375560] ftrace: allocated 236 pages with 5 groups
[    0.376602] Dynamic Preempt: voluntary
[    0.376932] rcu: Preemptible hierarchical RCU implementation.
[    0.376933] rcu: 	RCU restricting CPUs from NR_CPUS=8192 to nr_cpu_ids=2.
[    0.376934] 	Trampoline variant of Tasks RCU enabled.
[    0.376935] 	Rude variant of Tasks RCU enabled.
[    0.376935] 	Tracing variant of Tasks RCU enabled.
[    0.376936] rcu: RCU calculated value of scheduler-enlistment delay is 100 jiffies.
[    0.376937] rcu: Adjusting geometry for rcu_fanout_leaf=16, nr_cpu_ids=2
[    0.376955] RCU Tasks: Setting shift to 1 and lim to 1 rcu_task_cb_adjust=1 rcu_task_cpu_ids=2.
[    0.376957] RCU Tasks Rude: Setting shift to 1 and lim to 1 rcu_task_cb_adjust=1 rcu_task_cpu_ids=2.
[    0.376958] RCU Tasks Trace: Setting shift to 1 and lim to 1 rcu_task_cb_adjust=1 rcu_task_cpu_ids=2.
[    0.381182] NR_IRQS: 524544, nr_irqs: 440, preallocated irqs: 16
[    0.381412] rcu: srcu_init: Setting srcu_struct sizes based on contention.
[    0.399520] Console: colour VGA+ 80x25
[    0.399602] printk: legacy console [ttyS0] enabled
[    0.815301] ACPI: Core revision 20240827
[    0.818052] clocksource: hpet: mask: 0xffffffff max_cycles: 0xffffffff, max_idle_ns: 19112604467 ns
[    0.823122] APIC: Switch to symmetric I/O mode setup
[    0.826081] x2apic enabled
[    0.828056] APIC: Switched APIC routing to: physical x2apic
[    0.832570] ..TIMER: vector=0x30 apic1=0 pin1=2 apic2=-1 pin2=-1
[    0.836363] clocksource: tsc-early: mask: 0xffffffffffffffff max_cycles: 0x21174099c9d, max_idle_ns: 440795313244 ns
[    0.842669] Calibrating delay loop (skipped) preset value.. 4591.35 BogoMIPS (lpj=2295676)
[    0.843898] Last level iTLB entries: 4KB 512, 2MB 255, 4MB 127
[    0.844667] Last level dTLB entries: 4KB 512, 2MB 255, 4MB 127, 1GB 0
[    0.845674] Spectre V1 : Mitigation: usercopy/swapgs barriers and __user pointer sanitization
[    0.846679] Spectre V2 : Mitigation: Retpolines
[    0.847676] Spectre V2 : Spectre v2 / SpectreRSB: Filling RSB on context switch and VMEXIT
[    0.848676] x86/fpu: x87 FPU will use FXSAVE
[    0.878130] Freeing SMP alternatives memory: 48K
[    0.878665] pid_max: default: 32768 minimum: 301
[    0.881149] LSM: initializing lsm=lockdown,capability,landlock,yama,apparmor,ima,evm
[    0.881811] landlock: Up and running.
[    0.882660] Yama: becoming mindful.
[    0.883838] AppArmor: AppArmor initialized
[    0.885068] Mount-cache hash table entries: 16384 (order: 5, 131072 bytes, linear)
[    0.885691] Mountpoint-cache hash table entries: 16384 (order: 5, 131072 bytes, linear)
[    0.990380] smpboot: CPU0: AMD QEMU Virtual CPU version 2.5+ (family: 0xf, model: 0x6b, stepping: 0x1)
[    0.991826] Performance Events: AMD PMU driver.
[    0.992665] ... version:                0
[    0.993666] ... bit width:              48
[    0.994665] ... generic registers:      4
[    0.995668] ... value mask:             0000ffffffffffff
[    0.996668] ... max period:             00007fffffffffff
[    0.997681] ... fixed-purpose events:   0
[    0.998674] ... event mask:             000000000000000f
[    0.999931] signal: max sigframe size: 1440
[    1.000828] rcu: Hierarchical SRCU implementation.
[    1.001667] rcu: 	Max phase no-delay instances is 400.
[    1.002802] Timer migration: 1 hierarchy levels; 8 children per group; 1 crossnode level
[    1.004757] smp: Bringing up secondary CPUs ...
[    1.006850] smpboot: x86: Booting SMP configuration:
[    1.007677] .... node  #0, CPUs:      #1
[    1.009703] smp: Brought up 1 node, 2 CPUs
[    1.011664] smpboot: Total of 2 processors activated (9182.70 BogoMIPS)
[    1.012943] Memory: 5971608K/6290924K available (21441K kernel code, 4572K rwdata, 15048K rodata, 5132K init, 4436K bss, 312008K reserved, 0K cma-reserved)
[    1.015791] devtmpfs: initialized
[    1.016848] x86/mm: Memory block size: 128MB
[    1.018972] clocksource: jiffies: mask: 0xffffffff max_cycles: 0xffffffff, max_idle_ns: 1911260446275000 ns
[    1.024680] futex hash table entries: 512 (order: 3, 32768 bytes, linear)
[    1.028743] pinctrl core: initialized pinctrl subsystem
[    1.031817] PM: RTC time: 14:42:20, date: 2026-01-21
[    1.035500] NET: Registered PF_NETLINK/PF_ROUTE protocol family
[    1.039132] DMA: preallocated 1024 KiB GFP_KERNEL pool for atomic allocations
[    1.043775] DMA: preallocated 1024 KiB GFP_KERNEL|GFP_DMA pool for atomic allocations
[    1.048753] DMA: preallocated 1024 KiB GFP_KERNEL|GFP_DMA32 pool for atomic allocations
[    1.052691] audit: initializing netlink subsys (disabled)
[    1.055724] audit: type=2000 audit(1769006540.331:1): state=initialized audit_enabled=0 res=1
[    1.055906] thermal_sys: Registered thermal governor 'fair_share'
[    1.056667] thermal_sys: Registered thermal governor 'bang_bang'
[    1.057671] thermal_sys: Registered thermal governor 'step_wise'
[    1.058664] thermal_sys: Registered thermal governor 'user_space'
[    1.059665] thermal_sys: Registered thermal governor 'power_allocator'
[    1.061664] cpuidle: using governor ladder
[    1.064667] cpuidle: using governor menu
[    1.066051] acpiphp: ACPI Hot Plug PCI Controller Driver version: 0.5
[    1.067146] PCI: Using configuration type 1 for base access
[    1.067839] kprobes: kprobe jump-optimization is enabled. All kprobes are optimized if possible.
[    1.090124] HugeTLB: registered 2.00 MiB page size, pre-allocated 0 pages
[    1.090663] HugeTLB: 28 KiB vmemmap can be freed for a 2.00 MiB page
[    1.094809] ACPI: Added _OSI(Module Device)
[    1.095671] ACPI: Added _OSI(Processor Device)
[    1.096702] ACPI: Added _OSI(3.0 _SCP Extensions)
[    1.097668] ACPI: Added _OSI(Processor Aggregator Device)
[    1.100948] ACPI: 1 ACPI AML tables successfully acquired and loaded
[    1.104853] ACPI: Interpreter enabled
[    1.105733] ACPI: PM: (supports S0 S3 S4 S5)
[    1.106681] ACPI: Using IOAPIC for interrupt routing
[    1.107950] PCI: Using host bridge windows from ACPI; if necessary, use "pci=nocrs" and report a bug
[    1.108664] PCI: Using E820 reservations for host bridge windows
[    1.109875] ACPI: Enabled 2 GPEs in block 00 to 0F
[    1.114820] ACPI: PCI Root Bridge [PCI0] (domain 0000 [bus 00-ff])
[    1.115679] acpi PNP0A03:00: _OSC: OS supports [ASPM ClockPM Segments MSI EDR HPX-Type3]
[    1.116667] acpi PNP0A03:00: _OSC: not requesting OS control; OS requires [ExtendedConfig ASPM ClockPM MSI]
[    1.117729] acpi PNP0A03:00: fail to add MMCONFIG information, can't access extended configuration space under this bridge
[    1.119703] acpiphp: Slot [3] registered
[    1.120767] acpiphp: Slot [4] registered
[    1.121710] acpiphp: Slot [5] registered
[    1.122745] acpiphp: Slot [6] registered
[    1.123791] acpiphp: Slot [7] registered
[    1.124805] acpiphp: Slot [8] registered
[    1.125750] acpiphp: Slot [9] registered
[    1.127702] acpiphp: Slot [10] registered
[    1.128727] acpiphp: Slot [11] registered
[    1.129703] acpiphp: Slot [12] registered
[    1.131766] acpiphp: Slot [13] registered
[    1.132776] acpiphp: Slot [14] registered
[    1.133777] acpiphp: Slot [15] registered
[    1.135695] acpiphp: Slot [16] registered
[    1.136751] acpiphp: Slot [17] registered
[    1.137726] acpiphp: Slot [18] registered
[    1.138709] acpiphp: Slot [19] registered
[    1.139722] acpiphp: Slot [20] registered
[    1.140767] acpiphp: Slot [21] registered
[    1.141774] acpiphp: Slot [22] registered
[    1.143715] acpiphp: Slot [23] registered
[    1.144753] acpiphp: Slot [24] registered
[    1.145728] acpiphp: Slot [25] registered
[    1.147718] acpiphp: Slot [26] registered
[    1.148729] acpiphp: Slot [27] registered
[    1.149770] acpiphp: Slot [28] registered
[    1.150774] acpiphp: Slot [29] registered
[    1.151759] acpiphp: Slot [30] registered
[    1.152729] acpiphp: Slot [31] registered
[    1.153726] PCI host bridge to bus 0000:00
[    1.154688] pci_bus 0000:00: root bus resource [io  0x0000-0x0cf7 window]
[    1.155679] pci_bus 0000:00: root bus resource [io  0x0d00-0xffff window]
[    1.156688] pci_bus 0000:00: root bus resource [mem 0x000a0000-0x000bffff window]
[    1.157670] pci_bus 0000:00: root bus resource [mem 0xc0000000-0xfebfffff window]
[    1.158672] pci_bus 0000:00: root bus resource [mem 0xc000000000-0xc07fffffff window]
[    1.159683] pci_bus 0000:00: root bus resource [bus 00-ff]
[    1.160809] pci 0000:00:00.0: [8086:1237] type 00 class 0x060000 conventional PCI endpoint
[    1.163316] pci 0000:00:01.0: [8086:7000] type 00 class 0x060100 conventional PCI endpoint
[    1.165620] pci 0000:00:01.1: [8086:7010] type 00 class 0x010180 conventional PCI endpoint
[    1.168757] pci 0000:00:01.1: BAR 4 [io  0xc0a0-0xc0af]
[    1.169803] pci 0000:00:01.1: BAR 0 [io  0x01f0-0x01f7]: legacy IDE quirk
[    1.170663] pci 0000:00:01.1: BAR 1 [io  0x03f6]: legacy IDE quirk
[    1.171677] pci 0000:00:01.1: BAR 2 [io  0x0170-0x0177]: legacy IDE quirk
[    1.172670] pci 0000:00:01.1: BAR 3 [io  0x0376]: legacy IDE quirk
[    1.174660] pci 0000:00:01.3: [8086:7113] type 00 class 0x068000 conventional PCI endpoint
[    1.177008] pci 0000:00:01.3: quirk: [io  0x0600-0x063f] claimed by PIIX4 ACPI
[    1.177723] pci 0000:00:01.3: quirk: [io  0x0700-0x070f] claimed by PIIX4 SMB
[    1.181142] pci 0000:00:02.0: [1234:1111] type 00 class 0x030000 conventional PCI endpoint
[    1.183764] pci 0000:00:02.0: BAR 0 [mem 0xfd000000-0xfdffffff pref]
[    1.184719] pci 0000:00:02.0: BAR 2 [mem 0xfebd0000-0xfebd0fff]
[    1.185761] pci 0000:00:02.0: ROM [mem 0xfebc0000-0xfebcffff pref]
[    1.187757] pci 0000:00:02.0: Video device with shadowed ROM at [mem 0x000c0000-0x000dffff]
[    1.189671] pci 0000:00:03.0: [1af4:1000] type 00 class 0x020000 conventional PCI endpoint
[    1.193707] pci 0000:00:03.0: BAR 0 [io  0xc080-0xc09f]
[    1.194704] pci 0000:00:03.0: BAR 1 [mem 0xfebd1000-0xfebd1fff]
[    1.195788] pci 0000:00:03.0: BAR 4 [mem 0xc000000000-0xc000003fff 64bit pref]
[    1.196700] pci 0000:00:03.0: ROM [mem 0xfeb80000-0xfebbffff pref]
[    1.201129] pci 0000:00:04.0: [1af4:1001] type 00 class 0x010000 conventional PCI endpoint
[    1.204700] pci 0000:00:04.0: BAR 0 [io  0xc000-0xc07f]
[    1.205716] pci 0000:00:04.0: BAR 1 [mem 0xfebd2000-0xfebd2fff]
[    1.206770] pci 0000:00:04.0: BAR 4 [mem 0xc000004000-0xc000007fff 64bit pref]
[    1.221124] ACPI: PCI: Interrupt link LNKA configured for IRQ 10
[    1.222012] ACPI: PCI: Interrupt link LNKB configured for IRQ 10
[    1.222979] ACPI: PCI: Interrupt link LNKC configured for IRQ 11
[    1.224045] ACPI: PCI: Interrupt link LNKD configured for IRQ 11
[    1.225001] ACPI: PCI: Interrupt link LNKS configured for IRQ 9
[    1.226940] iommu: Default domain type: Translated
[    1.229667] iommu: DMA domain TLB invalidation policy: lazy mode
[    1.233963] SCSI subsystem initialized
[    1.237700] ACPI: bus type USB registered
[    1.238770] usbcore: registered new interface driver usbfs
[    1.239707] usbcore: registered new interface driver hub
[    1.240694] usbcore: registered new device driver usb
[    1.242774] pps_core: LinuxPPS API ver. 1 registered
[    1.243675] pps_core: Software ver. 5.3.6 - Copyright 2005-2007 Rodolfo Giometti <giometti@linux.it>
[    1.244761] PTP clock support registered
[    1.246694] EDAC MC: Ver: 3.0.0
[    1.249740] NetLabel: Initializing
[    1.250678] NetLabel:  domain hash size = 128
[    1.251669] NetLabel:  protocols = UNLABELED CIPSOv4 CALIPSO
[    1.252714] NetLabel:  unlabeled traffic allowed by default
[    1.253732] mctp: management component transport protocol core
[    1.254681] NET: Registered PF_MCTP protocol family
[    1.255741] PCI: Using ACPI for IRQ routing
[    1.258013] pci 0000:00:02.0: vgaarb: setting as boot VGA device
[    1.258656] pci 0000:00:02.0: vgaarb: bridge control possible
[    1.258656] pci 0000:00:02.0: vgaarb: VGA device added: decodes=io+mem,owns=io+mem,locks=none
[    1.258688] vgaarb: loaded
[    1.259805] hpet: 3 channels of 0 reserved for per-cpu timers
[    1.263694] hpet0: at MMIO 0xfed00000, IRQs 2, 8, 0
[    1.265666] hpet0: 3 comparators, 64-bit 100.000000 MHz counter
[    1.274783] clocksource: Switched to clocksource kvm-clock
[    1.279944] VFS: Disk quotas dquot_6.6.0
[    1.282446] VFS: Dquot-cache hash table entries: 512 (order 0, 4096 bytes)
[    1.287284] AppArmor: AppArmor Filesystem Enabled
[    1.290990] pnp: PnP ACPI init
[    1.293990] pnp: PnP ACPI: found 6 devices
[    1.306150] clocksource: acpi_pm: mask: 0xffffff max_cycles: 0xffffff, max_idle_ns: 2085701024 ns
[    1.313994] NET: Registered PF_INET protocol family
[    1.317523] IP idents hash table entries: 131072 (order: 8, 1048576 bytes, linear)
[    1.348952] tcp_listen_portaddr_hash hash table entries: 4096 (order: 4, 65536 bytes, linear)
[    1.354659] Table-perturb hash table entries: 65536 (order: 6, 262144 bytes, linear)
[    1.359474] TCP established hash table entries: 65536 (order: 7, 524288 bytes, linear)
[    1.364550] TCP bind hash table entries: 65536 (order: 9, 2097152 bytes, linear)
[    1.369117] TCP: Hash tables configured (established 65536 bind 65536)
[    1.373747] MPTCP token hash table entries: 8192 (order: 5, 196608 bytes, linear)
[    1.378126] UDP hash table entries: 4096 (order: 6, 262144 bytes, linear)
[    1.382264] UDP-Lite hash table entries: 4096 (order: 6, 262144 bytes, linear)
[    1.386510] NET: Registered PF_UNIX/PF_LOCAL protocol family
[    1.390011] NET: Registered PF_XDP protocol family
[    1.392850] pci_bus 0000:00: resource 4 [io  0x0000-0x0cf7 window]
[    1.396472] pci_bus 0000:00: resource 5 [io  0x0d00-0xffff window]
[    1.400202] pci_bus 0000:00: resource 6 [mem 0x000a0000-0x000bffff window]
[    1.404215] pci_bus 0000:00: resource 7 [mem 0xc0000000-0xfebfffff window]
[    1.408162] pci_bus 0000:00: resource 8 [mem 0xc000000000-0xc07fffffff window]
[    1.412304] pci 0000:00:01.0: PIIX3: Enabling Passive Release
[    1.415835] pci 0000:00:00.0: Limiting direct PCI/PCI transfers
[    1.419176] PCI: CLS 0 bytes, default 64
[    1.421683] PCI-DMA: Using software bounce buffering for IO (SWIOTLB)
[    1.421957] Trying to unpack rootfs image as initramfs...
[    1.425823] software IO TLB: mapped [mem 0x00000000bbfdd000-0x00000000bffdd000] (64MB)
[    1.425949] clocksource: tsc: mask: 0xffffffffffffffff max_cycles: 0x21174099c9d, max_idle_ns: 440795313244 ns
[    1.468766] Initialise system trusted keyrings
[    1.471386] Key type blacklist registered
[    1.474145] workingset: timestamp_bits=36 max_order=21 bucket_order=0
[    1.478139] zbud: loaded
[    1.482226] squashfs: version 4.0 (2009/01/31) Phillip Lougher
[    1.487393] fuse: init (API version 7.42)
[    1.490757] integrity: Platform Keyring initialized
[    1.493583] integrity: Machine keyring initialized
[    1.509307] Key type asymmetric registered
[    1.513794] Asymmetric key parser 'x509' registered
[    1.517003] Block layer SCSI generic (bsg) driver version 0.4 loaded (major 243)
[    1.521595] io scheduler mq-deadline registered
[    1.525029] ledtrig-cpu: registered to indicate activity on CPUs
[    1.529143] shpchp: Standard Hot Plug PCI Controller Driver version: 0.4
[    1.533701] input: Power Button as /devices/LNXSYSTM:00/LNXPWRBN:00/input/input0
[    1.538573] ACPI: button: Power Button [PWRF]
[    1.544804] ACPI: \_SB_.LNKC: Enabled at IRQ 11
[    1.552688] ACPI: \_SB_.LNKD: Enabled at IRQ 10
[    1.559196] Serial: 8250/16550 driver, 32 ports, IRQ sharing enabled
[    1.591048] 00:04: ttyS0 at I/O 0x3f8 (irq = 4, base_baud = 115200) is a 16550A
[    1.600021] Linux agpgart interface v0.103
[    1.605184] loop: module loaded
[    1.607654] virtio_blk virtio1: 2/0/0 default/read/poll queues
[    1.613530] virtio_blk virtio1: [vda] 125829120 512-byte logical blocks (64.4 GB/60.0 GiB)
[    1.623426] scsi host0: ata_piix
[    1.627186] scsi host1: ata_piix
[    1.629534] ata1: PATA max MWDMA2 cmd 0x1f0 ctl 0x3f6 bmdma 0xc0a0 irq 14 lpm-pol 0
[    1.634262] ata2: PATA max MWDMA2 cmd 0x170 ctl 0x376 bmdma 0xc0a8 irq 15 lpm-pol 0
[    1.639298] ACPI: bus type drm_connector registered
[    1.643903] tun: Universal TUN/TAP device driver, 1.6
[    1.650828] PPP generic driver version 2.4.2
[    1.654830] i8042: PNP: PS/2 Controller [PNP0303:KBD,PNP0f13:MOU] at 0x60,0x64 irq 1,12
[    1.661287] serio: i8042 KBD port at 0x60,0x64 irq 1
[    1.664130] serio: i8042 AUX port at 0x60,0x64 irq 12
[    1.667359] mousedev: PS/2 mouse device common for all mice
[    1.671740] input: AT Translated Set 2 keyboard as /devices/platform/i8042/serio0/input/input1
[    1.677521] rtc_cmos 00:05: RTC can wake from S4
[    1.681946] rtc_cmos 00:05: registered as rtc0
[    1.684944] rtc_cmos 00:05: setting system clock to 2026-01-21T14:42:21 UTC (1769006541)
[    1.690411] rtc_cmos 00:05: alarms up to one day, y3k, 242 bytes nvram, hpet irqs
[    1.695369] i2c_dev: i2c /dev entries driver
[    1.698664] device-mapper: core: CONFIG_IMA_DISABLE_HTABLE is disabled. Duplicate IMA measurements will not be recorded in the IMA log.
[    1.698900] Freeing initrd memory: 80260K
[    1.706694] device-mapper: uevent: version 1.0.3
[    1.712116] device-mapper: ioctl: 4.49.0-ioctl (2025-01-17) initialised: dm-devel@lists.linux.dev
[    1.717482] amd_pstate: the _CPC object is not present in SBIOS or ACPI disabled
[    1.722095] drop_monitor: Initializing network drop monitor service
[    1.726574] NET: Registered PF_INET6 protocol family
[    1.739756] Segment Routing with IPv6
[    1.742996] In-situ OAM (IOAM) with IPv6
[    1.745610] NET: Registered PF_PACKET protocol family
[    1.748768] Key type dns_resolver registered
[    1.751588] IPI shorthand broadcast: enabled
[    1.756435] sched_clock: Marking stable (1300062772, 456236815)->(2112796448, -356496861)
[    1.761753] registered taskstats version 1
[    1.764888] Loading compiled-in X.509 certificates
[    1.768884] Loaded X.509 cert 'Build time autogenerated kernel key: b72185e7da5a2807c98fd54db84f90ec0625b589'
[    1.776227] Loaded X.509 cert 'Canonical Ltd. Live Patch Signing 2025 Kmod: d541cef61dc7e793b7eb7e899970a2eef0b5dc8c'
[    1.783509] Loaded X.509 cert 'Canonical Ltd. Live Patch Signing: 14df34d1a87cf37625abec039ef2bf521249b969'
[    1.790060] Loaded X.509 cert 'Canonical Ltd. Kernel Module Signing: 88f752e560a1e0737e31163a466ad7b70a850c19'
[    1.796081] blacklist: Loading compiled-in revocation X.509 certificates
[    1.800795] ata2: found unknown device (class 0)
[    1.804130] Loaded X.509 cert 'Canonical Ltd. Secure Boot Signing: 61482aa2830d0ab2ad5af10b7250da9033ddcef0'
[    1.804838] ata1: found unknown device (class 0)
[    1.813405] Loaded X.509 cert 'Canonical Ltd. Secure Boot Signing (2017): 242ade75ac4a15e50d50c84b0d45ff3eae707a03'
[    1.817158] ata1.00: ATAPI: QEMU DVD-ROM, 2.5+, max UDMA/100
[    1.825825] ata2.00: ATAPI: QEMU DVD-ROM, 2.5+, max UDMA/100
[    1.827435] Loaded X.509 cert 'Canonical Ltd. Secure Boot Signing (ESM 2018): 365188c1d374d6b07c3c8f240f8ef722433d6a8b'
[    1.833173] scsi 0:0:0:0: CD-ROM            QEMU     QEMU DVD-ROM     2.5+ PQ: 0 ANSI: 5
[    1.836559] Loaded X.509 cert 'Canonical Ltd. Secure Boot Signing (2019): c0746fd6c5da3ae827864651ad66ae47fe24b3e8'
[    1.848887] Loaded X.509 cert 'Canonical Ltd. Secure Boot Signing (2021 v1): a8d54bbb3825cfb94fa13c9f8a594a195c107b8d'
[    1.856561] Loaded X.509 cert 'Canonical Ltd. Secure Boot Signing (2021 v2): 4cf046892d6fd3c9a5b03f98d845f90851dc6a8c'
[    1.863616] Loaded X.509 cert 'Canonical Ltd. Secure Boot Signing (2021 v3): 100437bb6de6e469b581e61cd66bce3ef4ed53af'
[    1.870058] Loaded X.509 cert 'Canonical Ltd. Secure Boot Signing (Ubuntu Core 2019): c1d57b8f6b743f23ee41f4f7ee292f06eecadfb9'
[    1.880380] sr 0:0:0:0: [sr0] scsi3-mmc drive: 4x/4x cd/rw xa/form2 tray
[    1.884598] cdrom: Uniform CD-ROM driver Revision: 3.20
[    1.887696] Demotion targets for Node 0: null
[    1.891402] Key type .fscrypt registered
[    1.893938] Key type fscrypt-provisioning registered
[    1.906382] cryptd: max_cpu_qlen set to 1000
[    1.910313] sr 0:0:0:0: Attached scsi generic sg0 type 5
[    1.915322] scsi 1:0:0:0: CD-ROM            QEMU     QEMU DVD-ROM     2.5+ PQ: 0 ANSI: 5
[    1.938028] sr 1:0:0:0: [sr1] scsi3-mmc drive: 4x/4x cd/rw xa/form2 tray
[    1.948591] sr 1:0:0:0: Attached scsi generic sg1 type 5
[    1.973664] Key type encrypted registered
[    1.975925] AppArmor: AppArmor sha256 policy hashing enabled
[    1.978763] ima: No TPM chip found, activating TPM-bypass!
[    1.981608] Loading compiled-in module X.509 certificates
[    1.985184] Loaded X.509 cert 'Build time autogenerated kernel key: b72185e7da5a2807c98fd54db84f90ec0625b589'
[    1.990788] ima: Allocated hash algorithm: sha256
[    1.993647] ima: No architecture policies found
[    1.996291] evm: Initialising EVM extended attributes:
[    1.999203] evm: security.selinux
[    2.001132] evm: security.SMACK64
[    2.003351] evm: security.SMACK64EXEC
[    2.005556] evm: security.SMACK64TRANSMUTE
[    2.007894] evm: security.SMACK64MMAP
[    2.009906] evm: security.apparmor
[    2.011751] evm: security.ima
[    2.013378] evm: security.capability
[    2.015392] evm: HMAC attrs: 0x1
[    2.017687] PM:   Magic number: 10:715:738
[    2.020387] powernow_k8: Power state transitions not supported
[    2.023574] powernow_k8: Power state transitions not supported
[    2.033071] RAS: Correctable Errors collector initialized.
[    2.058690] clk: Disabling unused clocks
[    2.060866] PM: genpd: Disabling unused power domains
[    2.066231] Freeing unused decrypted memory: 2028K
[    2.069654] Freeing unused kernel image (initmem) memory: 5132K
[    2.072534] Write protecting the kernel read-only data: 38912k
[    2.076101] Freeing unused kernel image (text/rodata gap) memory: 1084K
[    2.079595] Freeing unused kernel image (rodata/data gap) memory: 1336K
[    2.136784] x86/mm: Checked W+X mappings: passed, no W+X pages found.
[    2.140272] Run /init as init process
Loading, please wait...
Starting systemd-udevd version 255.4-1ubuntu8.10
[    2.271865] bochs-drm 0000:00:02.0: vgaarb: deactivate vga console
[    2.299936] virtio_net virtio0 ens3: renamed from eth0
[    2.305200] Floppy drive(s): fd0 is 2.88M AMI BIOS
[    2.309830] Console: switching to colour dummy device 80x25
[    2.327740] FDC 0 is a S82078B
[    2.328147] [drm] Found bochs VGA, ID 0xb0c5.
[    2.332008] [drm] Framebuffer size 16384 kB @ 0xfd000000, mmio @ 0xfebd0000.
[    2.336893] input: VirtualPS/2 VMware VMMouse as /devices/platform/i8042/serio1/input/input4
[    2.344120] input: VirtualPS/2 VMware VMMouse as /devices/platform/i8042/serio1/input/input3
[    2.357540] [drm] Initialized bochs-drm 1.0.0 for 0000:00:02.0 on minor 0
[    2.369641] fbcon: bochs-drmdrmfb (fb0) is primary device
[    2.383236] Console: switching to colour frame buffer device 160x50
[    2.394898] bochs-drm 0000:00:02.0: [drm] fb0: bochs-drmdrmfb frame buffer device
Begin: Loading essential drivers ... [    2.628295] raid6: sse2x4   gen() 12291 MB/s
[    2.647314] raid6: sse2x2   gen() 14062 MB/s
[    2.665282] raid6: sse2x1   gen()  9348 MB/s
[    2.667353] raid6: using algorithm sse2x2 gen() 14062 MB/s
[    2.686267] raid6: .... xor() 8382 MB/s, rmw enabled
[    2.688626] raid6: using intx1 recovery algorithm
[    2.692963] xor: measuring software checksum speed
[    2.695666]    prefetch64-sse  : 13469 MB/sec
[    2.698103]    generic_sse     : 11617 MB/sec
[    2.700263] xor: using function: prefetch64-sse (13469 MB/sec)
[    2.704448] async_tx: api initialized (async)
done.
Begin: Running /scripts/init-premount ... done.
Begin: Mounting root file system ... Begin: Running /scripts/nfs-top ... done.
Begin: Running /scripts/nfs-premount ... done.
[    2.883429] loop0: detected capacity change from 0 to 3471744
[    2.929598] loop1: detected capacity change from 0 to 1071616
[    2.969722] loop2: detected capacity change from 0 to 1896256
[    2.987645] overlayfs: null uuid detected in lower fs '/', falling back to xino=off,index=off,nfs_export=off.
[    3.173600] evm: overlay not supported
[    3.600295] random: crng init done
Begin: Running /scripts/casper-premount ... done.
done.
done.
Begin: Creating debconf-communicate fifo mechanism ... done.
Begin: Running /scripts/casper-bottom ... Begin: Moving mount points... ... done.
Begin: Configuring fstab... ... done.
Begin: Setting up swap... ... done.
Begin: Setting up locales... ... done.
Begin: Setting up automatic login... ... done.
Begin: Setting hostname... ... done.
Begin: Setting up console keyboard... ... done.
Begin: Applying desktop settings... ... done.
Begin: Regenerating SSL certificate... ... hostname: Name or service not known
make-ssl-cert: Could not get FQDN, using '(none)'.
make-ssl-cert: You may want to fix your /etc/hosts and/or DNS setup and run
make-ssl-cert: 'make-ssl-cert generate-default-snakeoil --force-overwrite'
make-ssl-cert: again.
done.
Begin: Loading preseed file... ... done.
Begin: Adding live session user... ... passwd: password changed.
sudo: unable to resolve host (none): Name or service not known
dbus-daemon[556]: [session uid=1000 pid=556] Activating service name='org.gtk.vfs.Daemon' requested by ':1.0' (uid=1000 pid=557 comm="" label="unconfined")
dbus-daemon[556]: [session uid=1000 pid=556] Successfully activated service 'org.gtk.vfs.Daemon'
dbus-daemon[556]: [session uid=1000 pid=556] Activating service name='org.gtk.vfs.Metadata' requested by ':1.0' (uid=1000 pid=557 comm="" label="unconfined")
fuse: device not found, try 'modprobe fuse' first
dbus-daemon[556]: [session uid=1000 pid=556] Successfully activated service 'org.gtk.vfs.Metadata'
A connection to the bus can't be made
done.
Begin: Setting up init... ... done.
Begin: Configuring accessibility options... ... done.
Begin: Disabling update-notifier... ... done.
Begin: Enabling detection of crashes... ... done.
Begin: Disabling unnecessary KDE services... ... done.
Begin: Disabling the lock screen for LXQt (LP: #2000787)... ... done.
Begin: Adding APT-CDROM source... ... done.
Begin: Running /scripts/nfs-bottom ... done.
Begin: Running /scripts/init-bottom ... done.
[    9.096313] systemd[1]: Inserted module 'autofs4'
[    9.193639] systemd[1]: systemd 255.4-1ubuntu8.10 running in system mode (+PAM +AUDIT +SELINUX +APPARMOR +IMA +SMACK +SECCOMP +GCRYPT -GNUTLS +OPENSSL +ACL +BLKID +CURL +ELFUTILS +FIDO2 +IDN2 -IDN +IPTC +KMOD +LIBCRYPTSETUP +LIBFDISK +PCRE2 -PWQUALITY +P11KIT +QRENCODE +TPM2 +BZIP2 +LZ4 +XZ +ZLIB +ZSTD -BPF_FRAMEWORK -XKBCOMMON +UTMP +SYSVINIT default-hierarchy=unified)
[    9.217789] systemd[1]: Detected virtualization kvm.
[    9.221634] systemd[1]: Detected architecture x86-64.

Welcome to [1mUbuntu 24.04.3 LTS[0m!

[    9.233106] systemd[1]: Hostname set to <ubuntu>.
[    9.258702] systemd[1]: Initializing machine ID from random generator.
[    9.533297] I/O error, dev fd0, sector 0 op 0x0:(READ) flags 0x0 phys_seg 1 prio class 0
[    9.538223] floppy: error 10 while reading block 0
[    9.828069] systemd[1]: Queued start job for default target graphical.target.
[    9.853090] systemd[1]: Created slice system-modprobe.slice - Slice /system/modprobe.
[[0;32m  OK  [0m] Created slice [0;1;39msystem-modprobe.slice[0m - Slice /system/modprobe.
[    9.872867] systemd[1]: Created slice system-serial\x2dgetty.slice - Slice /system/serial-getty.
[[0;32m  OK  [0m] Created slice [0;1;39msystem-serial\x2dget…slice[0m - Slice /system/serial-getty.
[    9.893012] systemd[1]: Created slice user.slice - User and Session Slice.
[[0;32m  OK  [0m] Created slice [0;1;39muser.slice[0m - User and Session Slice.
[    9.901078] systemd[1]: Started systemd-ask-password-wall.path - Forward Password Requests to Wall Directory Watch.
[[0;32m  OK  [0m] Started [0;1;39msystemd-ask-password-wall.…[0md Requests to Wall Directory Watch.
[    9.912953] systemd[1]: Set up automount proc-sys-fs-binfmt_misc.automount - Arbitrary Executable File Formats File System Automount Point.
[[0;32m  OK  [0m] Set up automount [0;1;39mproc-sys-fs-binfm…[0mormats File System Automount Point.
[    9.924940] systemd[1]: Expecting device dev-ttyS0.device - /dev/ttyS0...
         Expecting device [0;1;39mdev-ttyS0.device[0m - /dev/ttyS0...
[    9.932527] systemd[1]: Reached target integritysetup.target - Local Integrity Protected Volumes.
[[0;32m  OK  [0m] Reached target [0;1;39mintegritysetup.targ…[0m Local Integrity Protected Volumes.
[    9.942610] systemd[1]: Reached target remote-fs.target - Remote File Systems.
[[0;32m  OK  [0m] Reached target [0;1;39mremote-fs.target[0m - Remote File Systems.
[    9.951426] systemd[1]: Reached target slices.target - Slice Units.
[[0;32m  OK  [0m] Reached target [0;1;39mslices.target[0m - Slice Units.
[    9.959333] systemd[1]: Reached target swap.target - Swaps.
[[0;32m  OK  [0m] Reached target [0;1;39mswap.target[0m - Swaps.
[    9.965863] systemd[1]: Reached target veritysetup.target - Local Verity Protected Volumes.
[[0;32m  OK  [0m] Reached target [0;1;39mveritysetup.target[0m - Local Verity Protected Volumes.
[    9.974786] systemd[1]: Listening on dm-event.socket - Device-mapper event daemon FIFOs.
[[0;32m  OK  [0m] Listening on [0;1;39mdm-event.socket[0m - Device-mapper event daemon FIFOs.
[    9.984076] systemd[1]: Listening on lvm2-lvmpolld.socket - LVM2 poll daemon socket.
[[0;32m  OK  [0m] Listening on [0;1;39mlvm2-lvmpolld.socket[0m - LVM2 poll daemon socket.
[    9.994870] systemd[1]: Listening on syslog.socket - Syslog Socket.
[[0;32m  OK  [0m] Listening on [0;1;39msyslog.socket[0m - Syslog Socket.
[   10.001505] systemd[1]: Listening on systemd-initctl.socket - initctl Compatibility Named Pipe.
[[0;32m  OK  [0m] Listening on [0;1;39msystemd-initctl.socke…[0m- initctl Compatibility Named Pipe.
[   10.012371] systemd[1]: Listening on systemd-journald-dev-log.socket - Journal Socket (/dev/log).
[[0;32m  OK  [0m] Listening on [0;1;39msystemd-journald-dev-…socket[0m - Journal Socket (/dev/log).
[   10.022202] systemd[1]: Listening on systemd-journald.socket - Journal Socket.
[[0;32m  OK  [0m] Listening on [0;1;39msystemd-journald.socket[0m - Journal Socket.
[   10.031644] systemd[1]: Listening on systemd-oomd.socket - Userspace Out-Of-Memory (OOM) Killer Socket.
[[0;32m  OK  [0m] Listening on [0;1;39msystemd-oomd.socket[0m -… Out-Of-Memory (OOM) Killer Socket.
[   10.040681] systemd[1]: systemd-pcrextend.socket - TPM2 PCR Extension (Varlink) was skipped because of an unmet condition check (ConditionSecurity=measured-uki).
[   10.049232] systemd[1]: Listening on systemd-udevd-control.socket - udev Control Socket.
[[0;32m  OK  [0m] Listening on [0;1;39msystemd-udevd-control.socket[0m - udev Control Socket.
[   10.057796] systemd[1]: Listening on systemd-udevd-kernel.socket - udev Kernel Socket.
[[0;32m  OK  [0m] Listening on [0;1;39msystemd-udevd-kernel.socket[0m - udev Kernel Socket.
[   10.079421] systemd[1]: Mounting dev-hugepages.mount - Huge Pages File System...
         Mounting [0;1;39mdev-hugepages.mount[0m - Huge Pages File System...
[   10.090543] systemd[1]: Mounting dev-mqueue.mount - POSIX Message Queue File System...
         Mounting [0;1;39mdev-mqueue.mount[0m - POSIX Message Queue File System...
[   10.099473] systemd[1]: Mounting sys-kernel-debug.mount - Kernel Debug File System...
         Mounting [0;1;39msys-kernel-debug.mount[0m - Kernel Debug File System...
[   10.109330] systemd[1]: Mounting sys-kernel-tracing.mount - Kernel Trace File System...
         Mounting [0;1;39msys-kernel-tracing.mount[0m - Kernel Trace File System...
[   10.127385] systemd[1]: Starting systemd-journald.service - Journal Service...
         Starting [0;1;39msystemd-journald.service[0m - Journal Service...
[   10.135076] systemd[1]: Finished blk-availability.service - Availability of block devices.
[[0;32m  OK  [0m] Finished [0;1;39mblk-availability.service[0m - Availability of block devices.
[   10.147522] systemd[1]: Starting keyboard-setup.service - Set the console keyboard layout...
         Starting [0;1;39mkeyboard-setup.service[0m - Set the console keyboard layout...
[   10.163679] systemd[1]: Starting kmod-static-nodes.service - Create List of Static Device Nodes...
         Starting [0;1;39mkmod-static-nodes.service[0m…eate List of Static Device Nodes...
[   10.185084] systemd[1]: Starting lvm2-monitor.service - Monitoring of LVM2 mirrors, snapshots etc. using dmeventd or progress polling...
         Starting [0;1;39mlvm2-monitor.service[0m - Mo…ing dmeventd or progress polling...
[   10.221335] systemd[1]: Starting modprobe@configfs.service - Load Kernel Module configfs...
[   10.224490] systemd-journald[767]: Collecting audit messages is disabled.
         Starting [0;1;39mmodprobe@configfs.service[0m - Load Kernel Module configfs...
[   10.248076] systemd[1]: Starting modprobe@dm_mod.service - Load Kernel Module dm_mod...
         Starting [0;1;39mmodprobe@dm_mod.service[0m - Load Kernel Module dm_mod...
[   10.279439] systemd[1]: Starting modprobe@drm.service - Load Kernel Module drm...
         Starting [0;1;39mmodprobe@drm.service[0m - Load Kernel Module drm...
[   10.305530] systemd[1]: Starting modprobe@efi_pstore.service - Load Kernel Module efi_pstore...
         Starting [0;1;39mmodprobe@efi_pstore.servi…[0m - Load Kernel Module efi_pstore...
[   10.332038] systemd[1]: Starting modprobe@fuse.service - Load Kernel Module fuse...
         Starting [0;1;39mmodprobe@fuse.service[0m - Load Kernel Module fuse...
[   10.354672] systemd[1]: Starting modprobe@loop.service - Load Kernel Module loop...
         Starting [0;1;39mmodprobe@loop.service[0m - Load Kernel Module loop...
[   10.424534] systemd[1]: Starting systemd-modules-load.service - Load Kernel Modules...
         Starting [0;1;39msystemd-modules-load.service[0m - Load Kernel Modules...
[   10.433194] systemd[1]: systemd-pcrmachine.service - TPM2 PCR Machine ID Measurement was skipped because of an unmet condition check (ConditionSecurity=measured-uki).
[   10.456360] systemd[1]: Starting systemd-remount-fs.service - Remount Root and Kernel File Systems...
         Starting [0;1;39msystemd-remount-fs.servic…[0munt Root and Kernel File Systems...
[   10.467841] systemd[1]: systemd-tpm2-setup-early.service - TPM2 SRK Setup (Early) was skipped because of an unmet condition check (ConditionSecurity=measured-uki).
[   10.481524] systemd[1]: Starting systemd-udev-trigger.service - Coldplug All udev Devices...
         Starting [0;1;39msystemd-udev-trigger.service[0m - Coldplug All udev Devices...
[   10.505117] systemd[1]: Started systemd-journald.service - Journal Service.
[[0;32m  OK  [0m] Started [0;1;39msystemd-journald.service[0m - Journal Service.
[[0;32m  OK  [0m] Mounted [0;1;39mdev-hugepages.mount[0m - Huge Pages File System.
[[0;32m  OK  [0m] Mounted [0;1;39mdev-mqueue.mount[0m - POSIX Message Queue File System.
[[0;32m  OK  [0m] Mounted [0;1;39msys-kernel-debug.mount[0m - Kernel Debug File System.
[[0;32m  OK  [0m] Mounted [0;1;39msys-kernel-tracing.mount[0m - Kernel Trace File System.
[[0;32m  OK  [0m] Finished [0;1;39mkeyboard-setup.service[0m - Set the console keyboard layout.
[[0;32m  OK  [0m] Finished [0;1;39mkmod-static-nodes.service[0m…Create List of Static Device Nodes.
[[0;32m  OK  [0m] Finished [0;1;39mmodprobe@configfs.service[0m - Load Kernel Module configfs.
[[0;32m  OK  [0m] Finished [0;1;39mlvm2-monitor.service[0m - Mo…using dmeventd or progress polling.
[[0;32m  OK  [0m] Finished [0;1;39mmodprobe@dm_mod.service[0m - Load Kernel Module dm_mod.
[[0;32m  OK  [0m] Finished [0;1;39mmodprobe@drm.service[0m - Load Kernel Module drm.
[[0;32m  OK  [0m] Finished [0;1;39mmodprobe@efi_pstore.service[0m - Load Kernel Module efi_pstore.[   10.602763] lp: driver loaded but no devices found

[[0;32m  OK  [0m] Finished [0;1;39mmodprobe@fuse.service[0m - Load Kernel Module fuse.
[[0;32m  OK  [0m] Finished [0;1;39mmodprobe@loop.service[0m - Load Kernel Module loop.
[[0;32m  OK  [0m] Finished [0;1;39msystemd-re[   10.626888] ppdev: user-space parallel port driver
mount-fs.servic…[0mmount Root and Kernel File Systems.
[   10.639472] parport_pc 00:03: reported by Plug and Play ACPI
[   10.643065] parport0: PC-style at 0x378, irq 7 [PCSPP,TRISTATE]
         Mounting [0;1;39msys-fs-fuse-connections.mount[0m - FUSE Control File System...
         Mounting [0;1;39msys-kernel-config.mount[0m - Kernel Configuration File System...
         Starting [0;1;39mcloud-init-local.service[0m …-init: Local Stage (pre-network)...
         Starting [0;1;39msystemd-journal-flush.ser…[0msh Journal to Persistent Storage...
         Starting [0;1;39msystemd-random-seed.service[0m - Load/Save OS Random Seed...
[   10.748515] lp0: using parport0 (interrupt-driven).
[   10.779531] systemd-journald[767]: Received client request to flush runtime journal.
         Starting [0;1;39msystemd-tmpfiles-setup-de…[0m Device Nodes in /dev gracefully...
[[0;32m  OK  [0m] Mounted [0;1;39msys-fs-fuse-connections.mount[0m - FUSE Control File System.
[[0;32m  OK  [0m] Mounted [0;1;39msys-kernel-config.mount[0m - Kernel Configuration File System.
[[0;32m  OK  [0m] Finished [0;1;39msystemd-journal-flush.ser…[0mlush Journal to Persistent Storage.
[[0;32m  OK  [0m] Finished [0;1;39msystemd-random-seed.service[0m - Load/Save OS Random Seed.
[[0;32m  OK  [0m] Finished [0;1;39msystemd-modules-load.service[0m - Load Kernel Modules.
         Starting [0;1;39msystemd-sysctl.service[0m - Apply Kernel Variables...
[[0;32m  OK  [0m] Finished [0;1;39msystemd-udev-trigger.service[0m - Coldplug All udev Devices.
         Starting [0;1;39msystemd-udev-settle.servi…[0mo Complete Device Initialization...
[[0;32m  OK  [0m] Finished [0;1;39msystemd-tmpfiles-setup-de…[0mic Device Nodes in /dev gracefully.
         Starting [0;1;39msystemd-sysusers.service[0m - Create System Users...
[[0;32m  OK  [0m] Finished [0;1;39msystemd-sysctl.service[0m - Apply Kernel Variables.
[[0;32m  OK  [0m] Finished [0;1;39msystemd-sysusers.service[0m - Create System Users.
         Starting [0;1;39msystemd-tmpfiles-setup-de…[0meate Static Device Nodes in /dev...
[[0;32m  OK  [0m] Finished [0;1;39msystemd-tmpfiles-setup-de…[0mCreate Static Device Nodes in /dev.
[[0;32m  OK  [0m] Reached target [0;1;39mlocal-fs-pre.target[0m…Preparation for Local File Systems.
         Mounting [0;1;39mtmp.mount[0m - /tmp...
         Starting [0;1;39msystemd-udevd.service[0m - R…ager for Device Events and Files...
[[0;32m  OK  [0m] Mounted [0;1;39mtmp.mount[0m - /tmp.
[[0;32m  OK  [0m] Started [0;1;39msystemd-udevd.service[0m - Ru…anager for Device Events and Files.
[[0;32m  OK  [0m] Started [0;1;39msystemd-ask-password-conso…[0mequests to Console Directory Watch.
[[0;32m  OK  [0m] Reached target [0;1;39mcryptsetup.target[0m - Local Encrypted Volumes.
         Starting [0;1;39mmodprobe@dm_mod.service[0m - Load Kernel Module dm_mod...
         Starting [0;1;39mmodprobe@efi_pstore.servi…[0m - Load Kernel Module efi_pstore...
         Starting [0;1;39mmodprobe@loop.service[0m - Load Kernel Module loop...
[[0;32m  OK  [0m] Finished [0;1;39mmodprobe@dm_mod.service[0m - Load Kernel Module dm_mod.
[[0;32m  OK  [0m] Finished [0;1;39mmodprobe@efi_pstore.service[0m - Load Kernel Module efi_pstore.
[[0;32m  OK  [0m] Finished [0;1;39mmodprobe@loop.service[0m - Load Kernel Module loop.
[[0;32m  OK  [0m] Found device [0;1;39mdev-ttyS0.device[0m - /dev/ttyS0.
         Starting [0;1;39mmodprobe@dm_mod.service[0m - Load Kernel Module dm_mod...
         Starting [0;1;39mmodprobe@efi_pstore.servi…[0m - Load Kernel Module efi_pstore...
         Starting [0;1;39mmodprobe@loop.service[0m - Load Kernel Module loop...
[[0;32m  OK  [0m] Finished [0;1;39mmodprobe@dm_mod.service[0m - Load Kernel Module dm_mod.
[[0;32m  OK  [0m] Finished [0;1;39mmodprobe@efi_pstore.service[0m - Load Kernel Module efi_pstore.
[[0;32m  OK  [0m] Finished [0;1;39mmodprobe@loop.service[0m - Load Kernel Module loop.
[[0;32m  OK  [0m] Listening on [0;1;39msystemd-rfkill.socket[0m…ll Switch Status /dev/rfkill Watch.
[[0;32m  OK  [0m] Finished [0;1;39msystemd-udev-settle.servi…[0m To Complete Device Initialization.
         Starting [0;1;39mzfs-load-module.service[0m - Install ZFS kernel module...
[   13.502361] I/O error, dev fd0, sector 0 op 0x0:(READ) flags 0x0 phys_seg 1 prio class 0
[   13.800330] I/O error, dev fd0, sector 0 op 0x0:(READ) flags 0x0 phys_seg 1 prio class 0
[[0;32m  OK  [0m] Finished [0;1;39mzfs-load-module.service[0m - Install ZFS kernel module.
[[0;32m  OK  [0m] Reached target [0;1;39mzfs-import.target[0m - ZFS pool import target.
[   14.167299] I/O error, dev fd0, sector 0 op 0x0:(READ) flags 0x0 phys_seg 1 prio class 0
         Starting [0;1;39mzfs-mount.service[0m - Mount ZFS filesystems...
         Starting [0;1;39mzfs-volume-wait.service[0m -… ZFS Volume (zvol) links in /dev...
[   14.245280] I/O error, dev fd0, sector 0 op 0x0:(READ) flags 0x0 phys_seg 1 prio class 0
[[0;32m  OK  [0m] Finished [0;1;39mzfs-mount.service[0m - Mount ZFS filesystems.
[[0;32m  OK  [[   14.325429] I/O error, dev fd0, sector 0 op 0x0:(READ) flags 0x0 phys_seg 1 prio class 0
0m] Reached target [0;1;39msnapd.mounts-pre.target[0m - Mounting snaps.
         Mounting [0;1;39msnap-bare-5.mount[0m - Mount unit for bare, revision 5...
         Mounting [0;1;39msnap-core22-2045.mount[0m - …t unit for core22, revision 2045...
         Mounting [0;1;39msnap-firefox-6565.mount[0m -… unit for firefox, revision 6565...
         Mounting [0;1;39msnap-firmware\x2dupdater-…[0mr firmware-updater, revision 167...
         Mounting [0;1;39msnap-gnome\x2d42\x2d2204-…[0m for gnome-42-2204, revision 202...
         Mounting [0;1;39msnap-gtk\x2dcommon\x2dthe…[0mgtk-common-themes, revision 1535...
         Mounting [0;1;39msnap-snap\x2dstore-1270.m…[0mit for snap-store, revision 1270...
         Mounting [0;1;39msnap-snapd-24792.mount[0m - …t unit for snapd, revision 24792...
         Mounting [0;1;39msnap-snapd\x2ddesktop\x2d…[0mesktop-integration, revision 315...
         Mounting [0;1;39msnap-thunderbird-769.moun…[0mit for thunderbird, revision 769...
         Mounting [0;1;39msnap-ubuntu\x2ddesktop\x2…[0m-desktop-bootstrap, revision 413...
[[0;32m  OK  [0m] Finished [0;1;39mzfs-volume-wait.service[0m -…or ZFS Volume (zvol) links in /dev.
[[0;32m  OK  [0m] Mounted [0;1;39msnap-bare-5.mount[0m - Mount unit for bare, revision 5.
[[0;32m  OK  [0m] Mounted [0;1;39msnap-core22-2045.mount[0m - Mount unit for core22, revision 2045.
[[0;32m  OK  [0m] Mounted [0;1;39msnap-firefox-6565.mount[0m - …nt unit for firefox, revision 6565.
[[0;32m  OK  [0m] Mounted [0;1;39msnap-firmware\x2dupdater-1…[0mfor firmware-updater, revision 167.
[[0;32m  OK  [0m] Mounted [0;1;39msnap-gnome\x2d42\x2d2204-2…[0mit for gnome-42-2204, revision 202.
[[0;32m  OK  [0m] Mounted [0;1;39msnap-gtk\x2dcommon\x2dthem…[0mr gtk-common-themes, revision 1535.
[[0;32m  OK  [0m] Mounted [0;1;39msnap-snap\x2dstore-1270.mo…[0munit for snap-store, revision 1270.
[[0;32m  OK  [0m] Mounted [0;1;39msnap-snapd-24792.mount[0m - Mount unit for snapd, revision 24792.
[[0;32m  OK  [0m] Mounted [0;1;39msnap-snapd\x2ddesktop\x2di…[0m-desktop-integration, revision 315.
[[0;32m  OK  [0m] Mounted [0;1;39msnap-ubuntu\x2ddesktop\x2d…[0mtu-desktop-bootstrap, revision 413.
[[0;32m  OK  [0m] Reached target [0;1;39mzfs-volumes.target[0m - ZFS volumes are ready.
[[0;32m  OK  [0m] Mounted [0;1;39msnap-thunderbird-769.mount[0m…unit for thunderbird, revision 769.
[[0;32m  OK  [0m] Reached target [0;1;39msnapd.mounts.target[0m - Mounted snaps.
[[0;32m  OK  [0m] Reached target [0;1;39mlocal-fs.target[0m - Local File Systems.
[[0;32m  OK  [0m] Listening on [0;1;39msystemd-sysext.socket[0m…tension Image Management (Varlink).
         Starting [0;1;39mconsole-setup.service[0m - Set console font and keymap...
         Starting [0;1;39mfinalrd.service[0m - Create …time dir for shutdown pivot root...
         Starting [0;1;39mldconfig.service[0m - Rebuild Dynamic Linker Cache...
         Starting [0;1;39mplymouth-read-write.servi…[0mymouth To Write Out Runtime Data...
         Starting [0;1;39msnapd.apparmor.service[0m - …iles managed internally by snapd...
         Starting [0;1;39msystemd-binfmt.service[0m - Set Up Additional Binary Formats...
         Starting [0;1;39msystemd-tmpfiles-setup.se…[0me Volatile Files and Directories...
         Starting [0;1;39mufw.service[0m - Uncomplicated firewall...
[[0;32m  OK  [0m] Finished [0;1;39mfinalrd.service[0m - Create …untime dir for shutdown pivot root.
[[0;32m  OK  [0m] Finished [0;1;39mplymouth-read-write.servi…[0mPlymouth To Write Out Runtime Data.
         Mounting [0;1;39mproc-sys-fs-binfmt_misc.m…[0mcutable File Formats File System...
[[0;32m  OK  [0m] Finished [0;1;39mufw.service[0m - Uncomplicated firewall.
[[0;32m  OK  [0m] Mounted [0;1;39mproc-sys-fs-binfmt_misc.mo…[0mxecutable File Formats File System.
[[0;32m  OK  [0m] Finished [0;1;39msystemd-binfmt.service[0m - Set Up Additional Binary Formats.
[[0;32m  OK  [0m] Finished [0;1;39msystemd-tmpfiles-setup.se…[0mate Volatile Files and Directories.
         Starting [0;1;39msystemd-journal-catalog-u…ervice[0m - Rebuild Journal Catalog...
         Starting [0;1;39msystemd-oomd.service[0m - Us…space Out-Of-Memory (OOM) Killer...
         Starting [0;1;39msystemd-resolved.service[0m - Network Name Resolution...
         Starting [0;1;39msystemd-timesyncd.service[0m - Network Time Synchronization...
         Starting [0;1;39msystemd-update-utmp.servi…[0mord System Boot/Shutdown in UTMP...
[[0;32m  OK  [0m] Finished [0;1;39msystemd-update-utmp.servi…[0mecord System Boot/Shutdown in UTMP.
[[0;32m  OK  [0m] Finished [0;1;39msystemd-journal-catalog-u….service[0m - Rebuild Journal Catalog.
[[0;32m  OK  [0m] Started [0;1;39msystemd-timesyncd.service[0m - Network Time Synchronization.
[[0;32m  OK  [0m] Reached target [0;1;39mtime-set.target[0m - System Time Set.
[[0;32m  OK  [0m] Started [0;1;39msystemd-oomd.service[0m - Userspace Out-Of-Memory (OOM) Killer.
[[0;32m  OK  [0m] Started [0;1;39msystemd-resolved.service[0m - Network Name Resolution.
[[0;32m  OK  [0m] Reached target [0;1;39mnss-lookup.target[0m - Host and Network Name Lookups.
[[0;32m  OK  [0m] Finished [0;1;39mconsole-setup.service[0m - Set console font and keymap.
[[0;32m  OK  [0m] Finished [0;1;39mcloud-init-local.service[0m …ud-init: Local Stage (pre-network).
[[0;32m  OK  [0m] Reached target [0;1;39mnetwork-pre.target[0m - Preparation for Network.
[[0m[0;31m*     [0m] (1 of 2) Job snapd.apparmor.service/start running (10s / no limit)
M[K[[0;1;31m*[0m[0;31m*    [0m] (1 of 2) Job snapd.apparmor.service/start running (10s / no limit)
M[K[[0;31m*[0;1;31m*[0m[0;31m*   [0m] (1 of 2) Job snapd.apparmor.service/start running (11s / no limit)
M[K[ [0;31m*[0;1;31m*[0m[0;31m*  [0m] (2 of 2) Job ldconfig.service/start running (9s / no limit)
M[K[  [0;31m*[0;1;31m*[0m[0;31m* [0m] (2 of 2) Job ldconfig.service/start running (10s / no limit)
M[K[   [0;31m*[0;1;31m*[0m[0;31m*[0m] (2 of 2) Job ldconfig.service/start running (10s / no limit)
M[K[    [0;31m*[0;1;31m*[0m] (1 of 2) Job snapd.apparmor.service/start running (13s / no limit)
M[K[     [0;31m*[0m] (1 of 2) Job snapd.apparmor.service/start running (14s / no limit)
M[K[[0;32m  OK  [0m] Finished [0;1;39mldconfig.service[0m - Rebuild Dynamic Linker Cache.
[K         Starting [0;1;39msystemd-update-done.service[0m - Update is Completed...
[[0;32m  OK  [0m] Finished [0;1;39msystemd-update-done.service[0m - Update is Completed.
[[0;32m  OK  [0m] Finished [0;1;39msnapd.apparmor.service[0m - …ofiles managed internally by snapd.
[[0;32m  OK  [0m] Reached target [0;1;39msysinit.target[0m - System Initialization.
[[0;32m  OK  [0m] Started [0;1;39mcups.path[0m - CUPS Scheduler.
[[0;32m  OK  [0m] Started [0;1;39mwhoopsie.path[0m - Start whoo…cation of the /var/crash directory.
[[0;32m  OK  [0m] Started [0;1;39manacron.timer[0m - Trigger anacron every hour.
[[0;32m  OK  [0m] Started [0;1;39mapt-daily.timer[0m - Daily apt download activities.
[[0;32m  OK  [0m] Started [0;1;39mapt-daily-upgrade.timer[0m - …y apt upgrade and clean activities.
[[0;32m  OK  [0m] Started [0;1;39mdpkg-db-backup.timer[0m - Daily dpkg database backup timer.
[[0;32m  OK  [0m] Started [0;1;39me2scrub_all.timer[0m - Period…Metadata Check for All Filesystems.
[[0;32m  OK  [0m] Started [0;1;39mfstrim.timer[0m - Discard unused filesystem blocks once a week.
[[0;32m  OK  [0m] Started [0;1;39mfwupd-refresh.timer[0m - Refresh fwupd metadata regularly.
[[0;32m  OK  [0m] Started [0;1;39mlogrotate.timer[0m - Daily rotation of log files.
[[0;32m  OK  [0m] Started [0;1;39mman-db.timer[0m - Daily man-db regeneration.
[[0;32m  OK  [0m] Started [0;1;39mmotd-news.timer[0m - Message of the Day.
[[0;32m  OK  [0m] Started [0;1;39msysstat-collect.timer[0m - Ru…y accounting tool every 10 minutes.
[[0;32m  OK  [0m] Started [0;1;39msysstat-summary.timer[0m - Ge… of yesterday's process accounting.
[[0;32m  OK  [0m] Started [0;1;39msystemd-tmpfiles-clean.tim…[0my Cleanup of Temporary Directories.
[[0;32m  OK  [0m] Reached target [0;1;39mpaths.target[0m - Path Units.
[[0;32m  OK  [0m] Listening on [0;1;39mavahi-daemon.socket[0m -…DNS/DNS-SD Stack Activation Socket.
[[0;32m  OK  [0m] Listening on [0;1;39mcups.socket[0m - CUPS Scheduler.
[[0;32m  OK  [0m] Listening on [0;1;39mdbus.socket[0m - D-Bus System Message Bus Socket.
         Starting [0;1;39msnapd.socket[0m - Socket activation for snappy daemon...
[[0;32m  OK  [0m] Listening on [0;1;39muuidd.socket[0m - UUID daemon activation socket.
[[0;32m  OK  [0m] Listening on [0;1;39msnapd.socket[0m - Socket activation for snappy daemon.
[[0;32m  OK  [0m] Reached target [0;1;39msockets.target[0m - Socket Units.
[[0;32m  OK  [0m] Reached target [0;1;39mbasic.target[0m - Basic System.
[[0;32m  OK  [0m] Started [0;1;39manacron.service[0m - Run anacron jobs.
         Starting [0;1;39mapport.service[0m - automatic crash report generation...
         Starting [0;1;39mavahi-daemon.service[0m - Avahi mDNS/DNS-SD Stack...
         Starting [0;1;39mdbus.service[0m - D-Bus System Message Bus...
[[0;32m  OK  [0m] Started [0;1;39mdmesg.service[0m - Save initial kernel messages after boot.
         Starting [0;1;39me2scrub_reap.service[0m - Re…ne ext4 Metadata Check Snapshots...
         Starting [0;1;39mgnome-remote-desktop.service[0m - GNOME Remote Desktop...
         Starting [0;1;39mgpu-manager.service[0m - Det…and deal with any system changes...
         Starting [0;1;39mpolkit.service[0m - Authorization Manager...
         Starting [0;1;39mpower-profiles-daemon.service[0m - Power Profiles daemon...
         Starting [0;1;39mrsyslog.service[0m - System Logging Service...
[[0;32m  OK  [0m] Reached target [0;1;39mgetty-pre.target[0m - Preparation for Logins.
         Starting [0;1;39msnapd.seeded.service[0m - Wait until snapd is fully seeded...
         Starting [0;1;39msnapd.service[0m - Snap Daemon...
[[0;32m  OK  [0m] Reached target [0;1;39mnss-user-lookup.target[0m - User and Group Name Lookups.
[[0;1;38;5;185mDEPEND[0m] Dependency failed for [0;1;39msssd-nss.soc…[0m SSSD NSS Service responder socket.
[[0;1;38;5;185mDEPEND[0m] Dependency failed for [0;1;39msssd-autofs.…[0mSD AutoFS Service responder socket.
[[0;1;38;5;185mDEPEND[0m] Dependency failed for [0;1;39msssd-pac.soc…[0m SSSD PAC Service responder socket.
[[0;1;38;5;185mDEPEND[0m] Dependency failed for [0;1;39msssd-pam-pri…[0mM Service responder private socket.
[[0;1;38;5;185mDEPEND[0m] Dependency failed for [0;1;39msssd-pam.soc…[0m SSSD PAM Service responder socket.
[[0;1;38;5;185mDEPEND[0m] Dependency failed for [0;1;39msssd-ssh.soc…[0m SSSD SSH Service responder socket.
[[0;1;38;5;185mDEPEND[0m] Dependency failed for [0;1;39msssd-sudo.so…[0mSSSD Sudo Service responder socket.
         Starting [0;1;39maccounts-daemon.service[0m - Accounts Service...
[[0;32m  OK  [0m] Started [0;1;39mcron.service[0m - Regular background program processing daemon.
         Starting [0;1;39mswitcheroo-control.servic…[0mSwitcheroo Control Proxy service...
         Starting [0;1;39msysstat.service[0m - Resets System Activity Logs...
         Starting [0;1;39msystemd-logind.service[0m - User Login Management...
         Starting [0;1;39mudisks2-inhibit.service[0m - inhibit disk automounting...
         Starting [0;1;39mzfs-share.service[0m - ZFS file system shares...
[[0;32m  OK  [0m] Started [0;1;39mzfs-zed.service[0m - ZFS Event Daemon (zed).
[[0;32m  OK  [0m] Started [0;1;39mdbus.service[0m - D-Bus System Message Bus.
[[0;32m  OK  [0m] Finished [0;1;39me2scrub_reap.service[0m - Re…line ext4 Metadata Check Snapshots.
[[0;32m  OK  [0m] Finished [0;1;39msysstat.service[0m - Resets System Activity Logs.
[[0;32m  OK  [0m] Finished [0;1;39mzfs-share.service[0m - ZFS file system shares.
[[0;32m  OK  [0m] Reached target [0;1;39mzfs.target[0m - ZFS startup target.
         Starting [0;1;39mNetworkManager.service[0m - Network Manager...
         Starting [0;1;39mwpa_supplicant.service[0m - WPA supplicant...
[[0;32m  OK  [0m] Started [0;1;39mswitcheroo-control.service[0m - Switcheroo Control Proxy service.
[[0;32m  OK  [0m] Started [0;1;39mavahi-daemon.service[0m - Avahi mDNS/DNS-SD Stack.
[[0;32m  OK  [0m] Started [0;1;39msystemd-logind.service[0m - User Login Management.
[[0;32m  OK  [0m] Finished [0;1;39mudisks2-inhibit.service[0m - inhibit disk automounting.
         Starting [0;1;39mudisks2.service[0m - Disk Manager...
[[0;32m  OK  [0m] Finished [0;1;39mgpu-manager.service[0m - Det…s and deal with any system changes.
[[0;32m  OK  [0m] Started [0;1;39mwpa_supplicant.service[0m - WPA supplicant.
[[0;32m  OK  [0m] Started [0;1;39mpolkit.service[0m - Authorization Manager.
         Starting [0;1;39mModemManager.service[0m - Modem Manager...
[[0;32m  OK  [0m] Started [0;1;39mpower-profiles-daemon.service[0m - Power Profiles daemon.
[[0;32m  OK  [0m] Started [0;1;39mgnome-remote-desktop.service[0m - GNOME Remote Desktop.
[[0;32m  OK  [0m] Started [0;1;39maccounts-daemon.service[0m - Accounts Service.
[[0;32m  OK  [0m] Started [0;1;39mudisks2.service[0m - Disk Manager.
[[0;32m  OK  [0m] Started [0;1;39mrsyslog.service[0m - System Logging Service.
         Starting [0;1;39msystemd-hostnamed.service[0m - Hostname Service...
[[0;32m  OK  [0m] Started [0;1;39msystemd-hostnamed.service[0m - Hostname Service.
         Starting [0;1;39mNetworkManager-dispatcher…[0manager Script Dispatcher Service...
[[0;32m  OK  [0m] Finished [0;1;39mapport.service[0m - automatic crash report generation.
[[0;32m  OK  [0m] Started [0;1;39mNetworkManager-dispatcher.…[0m Manager Script Dispatcher Service.
[[0;32m  OK  [0m] Started [0;1;39mModemManager.service[0m - Modem Manager.
[[0;32m  OK  [0m] Started [0;1;39mNetworkManager.service[0m - Network Manager.
[[0;32m  OK  [0m] Reached target [0;1;39mnetwork.target[0m - Network.
         Starting [0;1;39mNetworkManager-wait-onlin…ce[0m - Network Manager Wait Online...
         Starting [0;1;39mcups.service[0m - CUPS Scheduler...
         Starting [0;1;39mopenvpn.service[0m - OpenVPN service...
[[0;32m  OK  [0m] Started [0;1;39munattended-upgrades.service[0m - Unattended Upgrades Shutdown.
[[0;32m  OK  [0m] Finished [0;1;39mopenvpn.service[0m - OpenVPN service.
[[0;32m  OK  [0m] Finished [0;1;39mNetworkManager-wait-onlin…vice[0m - Network Manager Wait Online.
         Starting [0;1;39mcloud-init.service[0m - Init…t job (metadata service crawler)...
[[0;32m  OK  [0m] Started [0;1;39mcups.service[0m - CUPS Scheduler.
[[0;32m  OK  [0m] Reached target [0;1;39mprinter.target[0m - Printer Support.
[   30.523344] I/O error, dev fd0, sector 0 op 0x0:(READ) flags 0x0 phys_seg 1 prio class 0
[   30.598318] I/O error, dev fd0, sector 0 op 0x0:(READ) flags 0x0 phys_seg 1 prio class 0
[   30.662321] I/O error, dev fd0, sector 0 op 0x0:(READ) flags 0x0 phys_seg 1 prio class 0
[   30.725375] I/O error, dev fd0, sector 0 op 0x0:(READ) flags 0x0 phys_seg 1 prio class 0
[   30.787301] I/O error, dev fd0, sector 0 op 0x0:(READ) flags 0x0 phys_seg 1 prio class 0
[[0;32m  OK  [0m] Stopped [0;1;39mNetworkManager-wait-online…vice[0m - Network Manager Wait Online.
         Stopping [0;1;39mNetworkManager.service[0m - Network Manager...
[[0;32m  OK  [0m] Stopped [0;1;39mNetworkManager.service[0m - Network Manager.
         Starting [0;1;39mNetworkManager.service[0m - Network Manager...
         Starting [0;1;39mNetworkManager-dispatcher…[0manager Script Dispatcher Service...
[[0;32m  OK  [0m] Started [0;1;39mNetworkManager-dispatcher.…[0m Manager Script Dispatcher Service.
[[0;32m  OK  [0m] Started [0;1;39mNetworkManager.service[0m - Network Manager.
[[0;32m  OK  [0m] Started [0;1;39msnapd.service[0m - Snap Daemon.
         Starting [0;1;39msnapd.hold.service[0m - Holds Snappy daemon refresh...
[[0;32m  OK  [0m] Finished [0;1;39msnapd.hold.service[0m - Holds Snappy daemon refresh.
[[0;32m  OK  [0m] Finished [0;1;39mcloud-init.service[0m - Init…nit job (metadata service crawler).
[[0;32m  OK  [0m] Reached target [0;1;39mcloud-config.target[0m - Cloud-config availability.
[[0;32m  OK  [0m] Reached target [0;1;39mnetwork-online.target[0m - Network is Online.
[[0;32m  OK  [0m] Started [0;1;39mupdate-notifier-download.t…[0mhat failed at package install time.
[[0;32m  OK  [0m] Started [0;1;39mupdate-notifier-motd.timer[0m… a new version of Ubuntu available.
[[0;32m  OK  [0m] Reached target [0;1;39mtimers.target[0m - Timer Units.
[[0;32m  OK  [0m] Listening on [0;1;39mcloud-init-hotplugd.s…t[0m - cloud-init hotplug hook socket.
         Starting [0;1;39mcloud-config.service[0m - Cloud-init: Config Stage...
[[0;32m  OK  [0m] Started [0;1;39mcups-browsed.service[0m - Mak…te CUPS printers available locally.
         Starting [0;1;39mkerneloops.service[0m - Tool…d submit kernel crash signatures...
         Starting [0;1;39msystemd-user-sessions.service[0m - Permit User Sessions...
[[0;32m  OK  [0m] Started [0;1;39msnap.firefox.hook.install-…-f412-4a8a-b8a5-457888f93649.scope[0m.
[[0;32m  OK  [0m] Finished [0;1;39msystemd-user-sessions.service[0m - Permit User Sessions.
         Starting [0;1;39mplymouth-quit-wait.servic…[0md until boot process finishes up...
[[0;32m  OK  [0m] Finished [0;1;39mplymouth-quit-wait.servic…[0mold until boot process finishes up.
[[0;32m  OK  [0m] Started [0;1;39mserial-getty@ttyS0.service[0m - Serial Getty on ttyS0.
[[0;32m  OK  [0m] Reached target [0;1;39mgetty.target[0m - Login Prompts.
         Starting [0;1;39msetvtrgb.service[0m - Set console scheme...
[[0;32m  OK  [0m] Finished [0;1;39msetvtrgb.service[0m - Set console scheme.
[[0;32m  OK  [0m] Started [0;1;39mkerneloops.service[0m - Tool …and submit kernel crash signatures.
[[0;32m  OK  [0m] Finished [0;1;39mcloud-config.service[0m - Cloud-init: Config Stage.
         Starting [0;1;39mgdm.service[0m - GNOME Display Manager...
[[0;32m  OK  [0m] Started [0;1;39mgdm.service[0m - GNOME Display Manager.
[[0;32m  OK  [0m] Created slice [0;1;39muser-1000.slice[0m - User Slice of UID 1000.
         Starting [0;1;39muser-runtime-dir@1000.ser…[0mRuntime Directory /run/user/1000...
[[0;32m  OK  [0m] Finished [0;1;39muser-runtime-dir@1000.ser…[0mr Runtime Directory /run/user/1000.
         Starting [0;1;39muser@1000.service[0m - User Manager for UID 1000...
[[0;32m  OK  [0m] Started [0;1;39msnap.firefox.hook.configur…-1236-4114-bad2-d82866f49325.scope[0m.
[[0;32m  OK  [0m] Started [0;1;39muser@1000.service[0m - User Manager for UID 1000.
[[0;32m  OK  [0m] Started [0;1;39msession-1.scope[0m - Session 1 of User ubuntu.
         Starting [0;1;39mrtkit-daemon.service[0m - Re…imeKit Scheduling Policy Service...
[[0;32m  OK  [0m] Started [0;1;39mrtkit-daemon.service[0m - RealtimeKit Scheduling Policy Service.

Ubuntu 24.04.3 LTS ubuntu ttyS0

ubuntu login: [[0;32m  OK  [0m] Started [0;1;39msnap.ubuntu-desktop-bootst…[0mdesktop-bootstrap.subiquity-server.
         Starting [0;1;39msystemd-timedated.service[0m - Time & Date Service...
[[0;32m  OK  [0m] Started [0;1;39msystemd-timedated.service[0m - Time & Date Service.
[[0;32m  OK  [0m] Finished [0;1;39msnapd.seeded.service[0m - Wait until snapd is fully seeded.
[[0;32m  OK  [0m] Reached target [0;1;39mmulti-user.target[0m - Multi-User System.
[[0;32m  OK  [0m] Reached target [0;1;39mgraphical.target[0m - Graphical Interface.
         Starting [0;1;39mcloud-final.service[0m - Cloud-init: Final Stage...
         Starting [0;1;39msystemd-update-utmp-runle…[0m- Record Runlevel Change in UTMP...
         Starting [0;1;39mcasper-md5check.service[0m -…5check Verify Live ISO checksums...
[[0;32m  OK  [0m] Finished [0;1;39msystemd-update-utmp-runle…e[0m - Record Runlevel Change in UTMP.
[[0;32m  OK  [0m] Finished [0;1;39mcloud-final.service[0m - Cloud-init: Final Stage.
[[0;32m  OK  [0m] Reached target [0;1;39mcloud-init.target[0m - Cloud-init target.
         Starting [0;1;39mrealmd.service[0m - Realm and Domain Configuration...
[[0;32m  OK  [0m] Started [0;1;39mrealmd.service[0m - Realm and Domain Configuration.
[[0;32m  OK  [0m] Started [0;1;39mrun-u94.service[0m - /usr/bin…ystems /var/lib/snapd/seed/systems.
[   91.191467] I/O error, dev fd0, sector 0 op 0x0:(READ) flags 0x0 phys_seg 1 prio class 0
[[0;32m  OK  [0m] Started [0;1;39mrun-u95.service[0m - /usr/bin…apd/seed/snaps/pc-kernel_2660.snap.
[[0;32m  OK  [0m] Started [0;1;39mrun-u96.service[0m - /usr/bin…r/lib/snapd/seed/snaps/pc_184.snap.
         Stopping [0;1;39mNetworkManager.service[0m - Network Manager...
         Starting [0;1;39mNetworkManager-dispatcher…[0manager Script Dispatcher Service...
[[0;32m  OK  [0m] Stopped [0;1;39mNetworkManager.service[0m - Network Manager.
[[0;32m  OK  [0m] Started [0;1;39mNetworkManager-dispatcher.…[0m Manager Script Dispatcher Service.
[[0;32m  OK  [0m] Listening on [0;1;39msystemd-networkd.socket[0m - Network Service Netlink Socket.
         Starting [0;1;39msystemd-networkd.service[0m - Network Configuration...
[[0;32m  OK  [0m] Started [0;1;39msystemd-networkd.service[0m - Network Configuration.
         Starting [0;1;39mNetworkManager.service[0m - Network Manager...
         Starting [0;1;39msystemd-hostnamed.service[0m - Hostname Service...
[[0;32m  OK  [0m] Started [0;1;39msystemd-hostnamed.service[0m - Hostname Service.
[[0;32m  OK  [0m] Started [0;1;39mrun-u103.service[0m - /usr/bi…lay overlay /tmp/tmp2r_g1msj/mount.
[[0;32m  OK  [0m] Started [0;1;39mrun-u104.service[0m - /snap/u…t-config -t /tmp/tmp2r_g1msj/mount.
[   93.799356] I/O error, dev fd0, sector 0 op 0x0:(READ) flags 0x0 phys_seg 1 prio class 0
[[0;32m  OK  [0m] Started [0;1;39mNetworkManager.service[0m - Network Manager.
         Starting [0;1;39mapt-news.service[0m - Update APT News...
         Starting [0;1;39mesm-cache.service[0m - Update the local ESM caches...
[[0;32m  OK  [0m] Started [0;1;39mrun-u106.service[0m - /usr/bi…r/lib/snapd/seed/snaps/pc_184.snap.
[[0;32m  OK  [0m] Started [0;1;39mrun-u107.service[0m - /usr/bi…apd/seed/snaps/pc-kernel_2660.snap.
[[0;32m  OK  [0m] Started [0;1;39mrun-u108.service[0m - /usr/bi…umount /var/lib/snapd/seed/systems.
[  105.694303] I/O error, dev fd0, sector 0 op 0x0:(READ) flags 0x0 phys_seg 1 prio class 0
[[0;32m  OK  [0m] Started [0;1;39mrun-u109.service[0m - /usr/bi…lay overlay /tmp/tmpty111dmu/mount.
[[0;32m  OK  [0m] Started [0;1;39mrun-u110.service[0m - /snap/u…t-config -t /tmp/tmpty111dmu/mount.
[[0;32m  OK  [0m] Finished [0;1;39mapt-news.service[0m - Update APT News.
[[0;32m  OK  [0m] Started [0;1;39mrun-u111.service[0m - /usr/bi…lay overlay /tmp/tmp1673f0mh/mount.
[[0;32m  OK  [0m] Started [0;1;39mrun-u112.service[0m - /usr/bi…cdrom /tmp/tmp1673f0mh/mount/cdrom.
[[0;32m  OK  [0m] Started [0;1;39mrun-u113.service[0m - /snap/u…mp1673f0mh/mount -- apt-get update.
[[0;32m  OK  [0m] Finished [0;1;39mesm-cache.service[0m - Update the local ESM caches.
[[0;32m  OK  [0m] Started [0;1;39mrun-u117.service[0m - /snap/u…onf install --set "json:stages=[]".
[[0;32m  OK  [0m] Started [0;1;39mrun-u118.service[0m - /usr/bi…lay overlay /tmp/tmpgql6gjhr/mount.
[[0;32m  OK  [0m] Started [0;1;39mrun-u119.service[0m - /usr/bi…lay overlay /tmp/tmpegofyua0/mount.
[[0;32m  OK  [0m] Started [0;1;39mrun-u120.service[0m - /usr/sb… sh -c "command -v ubuntu-drivers".
[[0;32m  OK  [0m] Started [0;1;39mrun-u121.service[0m - /usr/sb… sh -c "command -v ubuntu-drivers".
[[0;32m  OK  [0m] Started [0;1;39mrun-u122.service[0m - /snap/u…r/mount -- ubuntu-drivers list-oem.
[[0;32m  OK  [0m] Started [0;1;39mrun-u123.service[0m - /snap/u… ubuntu-drivers list --recommended.
[[0;32m  OK  [0m] Started [0;1;39mrun-u124.service[0m - /snap/u…ng\"]" cp:///tmp/tmp1673f0mh/mount.
[  156.183318] I/O error, dev fd0, sector 0 op 0x0:(READ) flags 0x0 phys_seg 1 prio class 0
[[0;32m  OK  [0m] Started [0;1;39mrun-u125.service[0m - /usr/bin/umount /tmp/tmpgql6gjhr/mount.
[[0;32m  OK  [0m] Started [0;1;39mrun-u126.service[0m - /usr/bin/umount /tmp/tmpegofyua0/mount.
[[0;32m  OK  [0m] Started [0;1;39mrun-u127.service[0m - /snap/u…ct\"]" cp:///tmp/tmp1673f0mh/mount.
         Starting [0;1;39mupdate-notifier-download.…[0mt failed at package install time...
[[0;32m  OK  [0m] Finished [0;1;39mupdate-notifier-download.…[0mhat failed at package install time.
         Starting [0;1;39msystemd-timedated.service[0m - Time & Date Service...
[[0;32m  OK  [0m] Started [0;1;39msystemd-timedated.service[0m - Time & Date Service.
[[0;32m  OK  [0m] Finished [0;1;39mcasper-md5check.service[0m -…md5check Verify Live ISO checksums.
[[0;32m  OK  [0m] Stopped [0;1;39munattended-upgrades.service[0m - Unattended Upgrades Shutdown.
         Stopping [0;1;39msession-1.scope[0m - Session 1 of User ubuntu...
[[0;32m  OK  [0m] Removed slice [0;1;39msystem-modprobe.slice[0m - Slice /system/modprobe.
[[0;32m  OK  [0m] Stopped target [0;1;39mcloud-init.target[0m - Cloud-init target.
[[0;32m  OK  [0m] Stopped target [0;1;39mgraphical.target[0m - Graphical Interface.
[[0;32m  OK  [0m] Stopped target [0;1;39mprinter.target[0m - Printer Support.
[[0;32m  OK  [0m] Stopped target [0;1;39mtimers.target[0m - Timer Units.
[[0;32m  OK  [0m] Stopped [0;1;39manacron.timer[0m - Trigger anacron every hour.
[[0;32m  OK  [0m] Stopped [0;1;39mapt-daily-upgrade.timer[0m - …y apt upgrade and clean activities.
[[0;32m  OK  [0m] Stopped [0;1;39mapt-daily.timer[0m - Daily apt download activities.
[[0;32m  OK  [0m] Stopped [0;1;39mdpkg-db-backup.timer[0m - Daily dpkg database backup timer.
[[0;32m  OK  [0m] Stopped [0;1;39me2scrub_all.timer[0m - Period…Metadata Check for All Filesystems.
[[0;32m  OK  [0m] Stopped [0;1;39mfstrim.timer[0m - Discard unused filesystem blocks once a week.
[[0;32m  OK  [0m] Stopped [0;1;39mfwupd-refresh.timer[0m - Refresh fwupd metadata regularly.
[[0;32m  OK  [0m] Stopped [0;1;39mlogrotate.timer[0m - Daily rotation of log files.
[[0;32m  OK  [0m] Stopped [0;1;39mman-db.timer[0m - Daily man-db regeneration.
[[0;32m  OK  [0m] Stopped [0;1;39mmotd-news.timer[0m - Message of the Day.
[[0;32m  OK  [0m] Stopped [0;1;39msysstat-collect.timer[0m - Ru…y accounting tool every 10 minutes.
[[0;32m  OK  [0m] Stopped [0;1;39msysstat-summary.timer[0m - Ge… of yesterday's process accounting.
[[0;32m  OK  [0m] Stopped [0;1;39msystemd-tmpfiles-clean.tim…[0my Cleanup of Temporary Directories.
[[0;32m  OK  [0m] Stopped [0;1;39mupdate-notifier-download.t…[0mhat failed at package install time.
[[0;32m  OK  [0m] Stopped [0;1;39mupdate-notifier-motd.timer[0m… a new version of Ubuntu available.
[[0;32m  OK  [0m] Closed [0;1;39mcloud-init-hotplugd.socket[0m - cloud-init hotplug hook socket.
[[0;32m  OK  [0m] Closed [0;1;39mlvm2-lvmpolld.socket[0m - LVM2 poll daemon socket.
[[0;32m  OK  [0m] Closed [0;1;39msystemd-rfkill.socket[0m - Loa…ll Switch Status /dev/rfkill Watch.
         Stopping [0;1;39maccounts-daemon.service[0m - Accounts Service...
         Stopping [0;1;39mblk-availability.service[0m - Availability of block devices...
[[0;32m  OK  [0m] Stopped [0;1;39mcloud-final.service[0m - Cloud-init: Final Stage.
         Stopping [0;1;39mcolord.service[0m - Manage, …tall and Generate Color Profiles...
         Stopping [0;1;39mfinalrd.service[0m - Create …time dir for shutdown pivot root...
         Stopping [0;1;39mgdm.service[0m - GNOME Display Manager...
         Stopping [0;1;39mgnome-remote-desktop.service[0m - GNOME Remote Desktop...
         Stopping [0;1;39mpackagekit.service[0m - PackageKit Daemon...
         Stopping [0;1;39mrtkit-daemon.service[0m - Re…imeKit Scheduling Policy Service...
[[0;32m  OK  [0m] Stopped [0;1;39msnapd.hold.service[0m - Holds Snappy daemon refresh.
         Stopping [0;1;39msystemd-random-seed.service[0m - Load/Save OS Random Seed...
         Stopping [0;1;39mudisks2.service[0m - Disk Manager...
         Stopping [0;1;39mupower.service[0m - Daemon for power management...
[[0;32m  OK  [0m] Stopped [0;1;39mcasper-md5check.service[0m - …md5check Verify Live ISO checksums.
[[0;32m  OK  [0m] Stopped target [0;1;39mmulti-user.target[0m - Multi-User System.
[[0;32m  OK  [0m] Stopped target [0;1;39mgetty.target[0m - Login Prompts.
[[0;32m  OK  [0m] Stopped target [0;1;39mzfs.target[0m - ZFS startup target.
[[0;32m  OK  [0m] Stopped target [0;1;39mzfs-import.target[0m - ZFS pool import target.
[[0;32m  OK  [0m] Stopped target [0;1;39mzfs-volumes.target[0m - ZFS volumes are ready.
         Stopping [0;1;39mModemManager.service[0m - Modem Manager...
         Stopping [0;1;39mapport.service[0m - automatic crash report generation...
         Stopping [0;1;39mcron.service[0m - Regular ba…ground program processing daemon...
         Stopping [0;1;39mcups-browsed.service[0m - Ma… CUPS printers available locally...
         Stopping [0;1;39mkerneloops.service[0m - Tool…d submit kernel crash signatures...
[[0;32m  OK  [0m] Stopped [0;1;39mopenvpn.service[0m - OpenVPN service.
         Stopping [0;1;39mpower-profiles-daemon.service[0m - Power Profiles daemon...
         Stopping [0;1;39mrsyslog.service[0m - System Logging Service...
         Stopping [0;1;39mserial-getty@ttyS0.service[0m - Serial Getty on ttyS0...
         Stopping [0;1;39msnap.ubuntu-desktop-boots…[0msktop-bootstrap.subiquity-server...
[[0;32m  OK  [0m] Stopped [0;1;39msnapd.seeded.service[0m - Wait until snapd is fully seeded.
         Stopping [0;1;39msnapd.service[0m - Snap Daemon...
[[0;32m  OK  [0m] Stopped [0;1;39msysstat.service[0m - Resets System Activity Logs.
[[0;32m  OK  [0m] Stopped [0;1;39mzfs-share.service[0m - ZFS file system shares.
         Stopping [0;1;39mzfs-zed.service[0m - ZFS Event Daemon (zed)...
[[0;32m  OK  [0m] Unmounted [0;1;39mrun-user-1000-doc.mount[0m - /run/user/1000/doc.
[[0;32m  OK  [0m] Unmounted [0;1;39mrun-user-1000-gvfs.mount[0m - /run/user/1000/gvfs.
[[0;32m  OK  [0m] Stopped [0;1;39mpower-profiles-daemon.service[0m - Power Profiles daemon.
[[0;32m  OK  [0m] Stopped [0;1;39maccounts-daemon.service[0m - Accounts Service.
[[0;32m  OK  [0m] Stopped [0;1;39mcron.service[0m - Regular background program processing daemon.
[[0;32m  OK  [0m] Stopped [0;1;39mzfs-zed.service[0m - ZFS Event Daemon (zed).
[[0;32m  OK  [0m] Stopped [0;1;39mrsyslog.service[0m - System Logging Service.
[[0;32m  OK  [0m] Stopped [0;1;39mserial-getty@ttyS0.service[0m - Serial Getty on ttyS0.
[[0;32m  OK  [0m] Stopped [0;1;39mgdm.service[0m - GNOME Display Manager.
[[0;32m  OK  [0m] Stopped [0;1;39mrtkit-daemon.service[0m - RealtimeKit Scheduling Policy Service.
[[0;32m  OK  [0m] Stopped [0;1;39mcolord.service[0m - Manage, Install and Generate Color Profiles.
[[0;32m  OK  [0m] Stopped [0;1;39mpackagekit.service[0m - PackageKit Daemon.
[[0;32m  OK  [0m] Stopped [0;1;39mupower.service[0m - Daemon for power management.
[[0;32m  OK  [0m] Stopped [0;1;39msnap.ubuntu-desktop-bootst…[0mdesktop-bootstrap.subiquity-server.
[[0;32m  OK  [0m] Stopped [0;1;39mblk-availability.service[0m - Availability of block devices.
[[0;32m  OK  [0m] Stopped [0;1;39msystemd-random-seed.service[0m - Load/Save OS Random Seed.
[[0;32m  OK  [0m] Stopped [0;1;39mkerneloops.service[0m - Tool …and submit kernel crash signatures.
[[0;32m  OK  [0m] Stopped [0;1;39mgnome-remote-desktop.service[0m - GNOME Remote Desktop.
[[0;32m  OK  [0m] Stopped [0;1;39mModemManager.service[0m - Modem Manager.
[[0;32m  OK  [0m] Stopped [0;1;39mudisks2.service[0m - Disk Manager.
[[0;32m  OK  [0m] Removed slice [0;1;39msystem-serial\x2dget…slice[0m - Slice /system/serial-getty.
[[0;32m  OK  [0m] Stopped target [0;1;39mgetty-pre.target[0m - Preparation for Logins.
[[0;32m  OK  [0m] Stopped target [0;1;39mnss-lookup.target[0m - Host and Network Name Lookups.
[[0;32m  OK  [0m] Stopped [0;1;39mcloud-config.service[0m - Cloud-init: Config Stage.
[[0;32m  OK  [0m] Stopped target [0;1;39mcloud-config.target[0m - Cloud-config availability.
         Stopping [0;1;39mfwupd.service[0m - Firmware update daemon...
[[0;32m  OK  [0m] Stopped [0;1;39mplymouth-quit-wait.service[0m…old until boot process finishes up.
         Stopping [0;1;39mpolkit.service[0m - Authorization Manager...
         Stopping [0;1;39mswitcheroo-control.servic…[0mSwitcheroo Control Proxy service...
         Stopping [0;1;39mudisks2-inhibit.service[0m - inhibit disk automounting...
[[0;32m  OK  [0m] Stopped [0;1;39mpolkit.service[0m - Authorization Manager.
[[0;32m  OK  [0m] Stopped [0;1;39mswitcheroo-control.service[0m - Switcheroo Control Proxy service.
[[0;32m  OK  [0m] Stopped [0;1;39mfwupd.service[0m - Firmware update daemon.
[[0;32m  OK  [0m] Stopped [0;1;39mcups-browsed.service[0m - Mak…te CUPS printers available locally.
[[0;32m  OK  [0m] Stopped target [0;1;39mnetwork-online.target[0m - Network is Online.
         Stopping [0;1;39mavahi-daemon.service[0m - Avahi mDNS/DNS-SD Stack...
         Stopping [0;1;39mcups.service[0m - CUPS Scheduler...
[[0;32m  OK  [0m] Stopped [0;1;39mavahi-daemon.service[0m - Avahi mDNS/DNS-SD Stack.
[[0;32m  OK  [0m] Stopped [0;1;39mcups.service[0m - CUPS Scheduler.
[[0;32m  OK  [0m] Stopped [0;1;39mudisks2-inhibit.service[0m - inhibit disk automounting.
[[0;32m  OK  [0m] Stopped [0;1;39mfinalrd.service[0m - Create f…untime dir for shutdown pivot root.
[[0;32m  OK  [0m] Stopped [0;1;39mapport.service[0m - automatic crash report generation.
[[0;32m  OK  [0m] Stopped [0;1;39msnapd.service[0m - Snap Daemon.
[[0;32m  OK  [0m] Stopped target [0;1;39mtime-set.target[0m - System Time Set.
[[0;32m  OK  [0m] Stopped [0;1;39msession-1.scope[0m - Session 1 of User ubuntu.
         Stopping [0;1;39msystemd-logind.service[0m - User Login Management...
         Stopping [0;1;39muser@1000.service[0m - User Manager for UID 1000...
[[0;32m  OK  [0m] Stopped [0;1;39msystemd-logind.service[0m - User Login Management.
[[0;32m  OK  [0m] Stopped [0;1;39muser@1000.service[0m - User Manager for UID 1000.
         Stopping [0;1;39msystemd-oomd.service[0m - Us…space Out-Of-Memory (OOM) Killer...
         Stopping [0;1;39msystemd-user-sessions.service[0m - Permit User Sessions...
         Stopping [0;1;39muser-runtime-dir@1000.ser…[0mRuntime Directory /run/user/1000...
[[0;32m  OK  [0m] Stopped [0;1;39msystemd-oomd.service[0m - Userspace Out-Of-Memory (OOM) Killer.
[[0;32m  OK  [0m] Stopped [0;1;39msystemd-user-sessions.service[0m - Permit User Sessions.
[[0;32m  OK  [0m] Stopped target [0;1;39mnetwork.target[0m - Network.
[[0;32m  OK  [0m] Stopped target [0;1;39mnss-user-lookup.target[0m - User and Group Name Lookups.
[[0;32m  OK  [0m] Stopped target [0;1;39mremote-fs.target[0m - Remote File Systems.
[[0;32m  OK  [0m] Stopped [0;1;39mcloud-init.service[0m - Initi…nit job (metadata service crawler).
         Stopping [0;1;39mNetworkManager.service[0m - Network Manager...
         Stopping [0;1;39msystemd-networkd.service[0m - Network Configuration...
         Stopping [0;1;39mwpa_supplicant.service[0m - WPA supplicant...
[[0;32m  OK  [0m] Unmounted [0;1;39mrun-user-1000.mount[0m - /run/user/1000.
[[0;32m  OK  [0m] Stopped [0;1;39muser-runtime-dir@1000.serv…[0mr Runtime Directory /run/user/1000.
[[0;32m  OK  [0m] Removed slice [0;1;39muser-1000.slice[0m - User Slice of UID 1000.
[[0;32m  OK  [0m] Stopped [0;1;39msystemd-networkd.service[0m - Network Configuration.
[[0;32m  OK  [0m] Stopped [0;1;39mwpa_supplicant.service[0m - WPA supplicant.
[[0;32m  OK  [0m] Stopped [0;1;39mNetworkManager.service[0m - Network Manager.
[[0;32m  OK  [0m] Stopped target [0;1;39mbasic.target[0m - Basic System.
[[0;32m  OK  [0m] Stopped target [0;1;39mnetwork-pre.target[0m - Preparation for Network.
[[0;32m  OK  [0m] Stopped target [0;1;39mpaths.target[0m - Path Units.
[[0;32m  OK  [0m] Stopped [0;1;39mcups.path[0m - CUPS Scheduler.
[[0;32m  OK  [0m] Stopped [0;1;39mwhoopsie.path[0m - Start whoo…cation of the /var/crash directory.
[[0;32m  OK  [0m] Stopped target [0;1;39mslices.target[0m - Slice Units.
[[0;32m  OK  [0m] Removed slice [0;1;39muser.slice[0m - User and Session Slice.
[[0;32m  OK  [0m] Stopped target [0;1;39msockets.target[0m - Socket Units.
[[0;32m  OK  [0m] Closed [0;1;39mavahi-daemon.socket[0m - Avahi…DNS/DNS-SD Stack Activation Socket.
[[0;32m  OK  [0m] Closed [0;1;39mcups.socket[0m - CUPS Scheduler.
[[0;32m  OK  [0m] Closed [0;1;39msnapd.socket[0m - Socket activation for snappy daemon.
[[0;32m  OK  [0m] Closed [0;1;39msyslog.socket[0m - Syslog Socket.
[[0;32m  OK  [0m] Closed [0;1;39msystemd-networkd.socket[0m - Network Service Netlink Socket.
[[0;32m  OK  [0m] Closed [0;1;39msystemd-oomd.socket[0m - Users… Out-Of-Memory (OOM) Killer Socket.
[[0;32m  OK  [0m] Closed [0;1;39muuidd.socket[0m - UUID daemon activation socket.
[[0;32m  OK  [0m] Stopped target [0;1;39msysinit.target[0m - System Initialization.
[[0;32m  OK  [0m] Stopped target [0;1;39mcryptsetup.target[0m - Local Encrypted Volumes.
[[0;32m  OK  [0m] Stopped [0;1;39msystemd-ask-password-conso…[0mequests to Console Directory Watch.
[[0;32m  OK  [0m] Stopped [0;1;39msystemd-ask-password-wall.…[0md Requests to Wall Directory Watch.
[[0;32m  OK  [0m] Stopped target [0;1;39mintegritysetup.targ…[0m Local Integrity Protected Volumes.
[[0;32m  OK  [0m] Stopped target [0;1;39mveritysetup.target[0m - Local Verity Protected Volumes.
[[0;32m  OK  [0m] Stopped [0;1;39mcloud-init-local.service[0m -…ud-init: Local Stage (pre-network).
         Stopping [0;1;39msystemd-binfmt.service[0m - Set Up Additional Binary Formats...
         Stopping [0;1;39msystemd-resolved.service[0m - Network Name Resolution...
         Stopping [0;1;39msystemd-timesyncd.service[0m - Network Time Synchronization...
[[0;32m  OK  [0m] Stopped [0;1;39msystemd-update-done.service[0m - Update is Completed.
[[0;32m  OK  [0m] Stopped [0;1;39mldconfig.service[0m - Rebuild Dynamic Linker Cache.
[[0;32m  OK  [0m] Stopped [0;1;39msystemd-journal-catalog-up….service[0m - Rebuild Journal Catalog.
         Stopping [0;1;39msystemd-update-utmp.servi…[0mord System Boot/Shutdown in UTMP...
[[0;32m  OK  [0m] Stopped [0;1;39msystemd-resolved.service[0m - Network Name Resolution.
[[0;32m  OK  [0m] Stopped [0;1;39msystemd-timesyncd.service[0m - Network Time Synchronization.
[[0;32m  OK  [0m] Stopped [0;1;39msystemd-binfmt.service[0m - Set Up Additional Binary Formats.
[[0;32m  OK  [0m] Unset automount [0;1;39mproc-sys-fs-binfmt…[0mormats File System Automount Point.
[[0;32m  OK  [0m] Stopped [0;1;39msystemd-sysctl.service[0m - Apply Kernel Variables.
[[0;32m  OK  [0m] Stopped [0;1;39msystemd-modules-load.service[0m - Load Kernel Modules.
[[0;32m  OK  [0m] Stopped [0;1;39msystemd-update-utmp.servic…[0mecord System Boot/Shutdown in UTMP.
[[0;32m  OK  [0m] Stopped [0;1;39msystemd-tmpfiles-setup.ser…[0mate Volatile Files and Directories.
[[0;32m  OK  [0m] Stopped target [0;1;39mlocal-fs.target[0m - Local File Systems.
[[0;32m  OK  [0m] Stopped target [0;1;39msnapd.mounts.target[0m - Mounted snaps.
         Unmounting [0;1;39mcdrom.mount[0m - /cdrom...
         Unmounting [0;1;39mrofs.mount[0m - /rofs...
         Unmounting [0;1;39mrun-snapd-ns-firefox.mn…ount[0m - /run/snapd/ns/firefox.mnt...
         Unmounting [0;1;39mrun-snapd-ns-firmware\x…[0mun/snapd/ns/firmware-updater.mnt...
         Unmounting [0;1;39mrun-snapd-ns-snap\x2dst…t[0m - /run/snapd/ns/snap-store.mnt...
         Unmounting [0;1;39mrun-snapd-ns-snapd\x2dd…[0mns/snapd-desktop-integration.mnt...
         Unmounting [0;1;39mrun-snapd-ns-thunderbir…[0m - /run/snapd/ns/thunderbird.mnt...
         Unmounting [0;1;39msnap-bare-5.mount[0m - Mount unit for bare, revision 5...
         Unmounting [0;1;39msnap-core22-2045.mount[0m …t unit for core22, revision 2045...
         Unmounting [0;1;39msnap-firefox-6565.mount[0m… unit for firefox, revision 6565...
         Unmounting [0;1;39msnap-firmware\x2dupdate…[0mr firmware-updater, revision 167...
         Unmounting [0;1;39msnap-gnome\x2d42\x2d220…[0m for gnome-42-2204, revision 202...
         Unmounting [0;1;39msnap-gtk\x2dcommon\x2dt…[0mgtk-common-themes, revision 1535...
         Unmounting [0;1;39msnap-snap\x2dstore-1270…[0mit for snap-store, revision 1270...
         Unmounting [0;1;39msnap-snapd-24792.mount[0m …t unit for snapd, revision 24792...
         Unmounting [0;1;39msnap-snapd\x2ddesktop\x…[0mesktop-integration, revision 315...
         Unmounting [0;1;39msnap-thunderbird-769.mo…[0mit for thunderbird, revision 769...
         Unmounting [0;1;39msnap-ubuntu\x2ddesktop\…[0m-desktop-bootstrap, revision 413...
         Unmounting [0;1;39mtmp-tmp1673f0mh-mount-c…t[0m - /tmp/tmp1673f0mh/mount/cdrom...
         Unmounting [0;1;39mtmp-tmp2r_g1msj-mount.mount[0m - /tmp/tmp2r_g1msj/mount...
         Unmounting [0;1;39mtmp-tmp_u_5mxuq-minimal…[0m_u_5mxuq/minimal.en.squashfs.dir...
         Unmounting [0;1;39mtmp-tmp_u_5mxuq-minimal…[0mtmp_u_5mxuq/minimal.squashfs.dir...
         Unmounting [0;1;39mtmp-tmp_u_5mxuq-root.di…ount[0m - /tmp/tmp_u_5mxuq/root.dir...
         Unmounting [0;1;39mtmp-tmpty111dmu-mount.mount[0m - /tmp/tmpty111dmu/mount...
[[0;1;31mFAILED[0m] Failed unmounting [0;1;39mcdrom.mount[0m - /cdrom.
[[0;32m  OK  [0m] Unmounted [0;1;39mrofs.mount[0m - /rofs.
[[0;32m  OK  [0m] Unmounted [0;1;39mrun-snapd-ns-firefox.mnt.mount[0m - /run/snapd/ns/firefox.mnt.
[[0;32m  OK  [0m] Unmounted [0;1;39mrun-snapd-ns-firmware\x2…[0m/run/snapd/ns/firmware-updater.mnt.
[[0;32m  OK  [0m] Unmounted [0;1;39mrun-snapd-ns-snap\x2dsto…unt[0m - /run/snapd/ns/snap-store.mnt.
[[0;32m  OK  [0m] Unmounted [0;1;39mrun-snapd-ns-snapd\x2dde…[0md/ns/snapd-desktop-integration.mnt.
[[0;32m  OK  [0m] Unmounted [0;1;39mrun-snapd-ns-thunderbird…nt[0m - /run/snapd/ns/thunderbird.mnt.
[[0;32m  OK  [0m] Unmounted [0;1;39msnap-bare-5.mount[0m - Mount unit for bare, revision 5.
[[0;32m  OK  [0m] Unmounted [0;1;39msnap-core22-2045.mount[0m -…unt unit for core22, revision 2045.
[[0;32m  OK  [0m] Unmounted [0;1;39msnap-firefox-6565.mount[0m …nt unit for firefox, revision 6565.
[[0;32m  OK  [0m] Unmounted [0;1;39msnap-firmware\x2dupdater…[0mfor firmware-updater, revision 167.
[[0;32m  OK  [0m] Unmounted [0;1;39msnap-gnome\x2d42\x2d2204…[0mit for gnome-42-2204, revision 202.
[[0;32m  OK  [0m] Unmounted [0;1;39msnap-gtk\x2dcommon\x2dth…[0mr gtk-common-themes, revision 1535.
[[0;32m  OK  [0m] Unmounted [0;1;39msnap-snap\x2dstore-1270.…[0munit for snap-store, revision 1270.
[[0;32m  OK  [0m] Unmounted [0;1;39msnap-snapd-24792.mount[0m -…unt unit for snapd, revision 24792.
[[0;32m  OK  [0m] Unmounted [0;1;39msnap-snapd\x2ddesktop\x2…[0m-desktop-integration, revision 315.
[[0;32m  OK  [0m] Unmounted [0;1;39msnap-thunderbird-769.mou…[0munit for thunderbird, revision 769.
[[0;32m  OK  [0m] Unmounted [0;1;39msnap-ubuntu\x2ddesktop\x…[0mtu-desktop-bootstrap, revision 413.
[[0;32m  OK  [0m] Unmounted [0;1;39mtmp-tmp1673f0mh-mount-cd…unt[0m - /tmp/tmp1673f0mh/mount/cdrom.
[[0;32m  OK  [0m] Unmounted [0;1;39mtmp-tmp2r_g1msj-mount.mount[0m - /tmp/tmp2r_g1msj/mount.
[[0;32m  OK  [0m] Unmounted [0;1;39mtmp-tmp_u_5mxuq-minimal.…[0mmp_u_5mxuq/minimal.en.squashfs.dir.
[[0;32m  OK  [0m] Unmounted [0;1;39mtmp-tmp_u_5mxuq-minimal.…[0mp/tmp_u_5mxuq/minimal.squashfs.dir.
[[0;32m  OK  [0m] Unmounted [0;1;39mtmp-tmp_u_5mxuq-root.dir.mount[0m - /tmp/tmp_u_5mxuq/root.dir.
[[0;32m  OK  [0m] Unmounted [0;1;39mtmp-tmpty111dmu-mount.mount[0m - /tmp/tmpty111dmu/mount.
[[0;32m  OK  [0m] Stopped target [0;1;39msnapd.mounts-pre.target[0m - Mounting snaps.
         Unmounting [0;1;39mrun-snapd-ns.mount[0m - /run/snapd/ns...
         Unmounting [0;1;39mtmp-tmp1673f0mh-mount.mount[0m - /tmp/tmp1673f0mh/mount...
[[0;32m  OK  [0m] Unmounted [0;1;39mrun-snapd-ns.mount[0m - /run/snapd/ns.
[[0;32m  OK  [0m] Unmounted [0;1;39mtmp-tmp1673f0mh-mount.mount[0m - /tmp/tmp1673f0mh/mount.
         Unmounting [0;1;39mtmp.mount[0m - /tmp...
[[0;32m  OK  [0m] Unmounted [0;1;39mtmp.mount[0m - /tmp.
[[0;32m  OK  [0m] Stopped target [0;1;39mlocal-fs-pre.target[0m…Preparation for Local File Systems.
[[0;32m  OK  [0m] Stopped target [0;1;39mswap.target[0m - Swaps.
[[0;32m  OK  [0m] Reached target [0;1;39mumount.target[0m - Unmount All Filesystems.
         Stopping [0;1;39mlvm2-monitor.service[0m - Mo…ing dmeventd or progress polling...
[[0;32m  OK  [0m] Stopped [0;1;39msystemd-tmpfiles-setup-dev…[0mCreate Static Device Nodes in /dev.
[[0;32m  OK  [0m] Stopped [0;1;39msystemd-sysusers.service[0m - Create System Users.
[[0;32m  OK  [0m] Stopped [0;1;39msystemd-remount-fs.service[0m…mount Root and Kernel File Systems.
[[0;32m  OK  [0m] Stopped [0;1;39msystemd-tmpfiles-setup-dev…[0mic Device Nodes in /dev gracefully.
[[0;32m  OK  [0m] Stopped [0;1;39mlvm2-monitor.service[0m - Mon…using dmeventd or progress polling.
[[0;32m  OK  [0m] Reached target [0;1;39mshutdown.target[0m - System Shutdown.
         Starting [0;1;39mcasper.service[0m - Shuts do…ive" preinstalled system cleanly...
[[0;32m  OK  [0m] Finished [0;1;39mcasper.service[0m - Shuts do…"live" preinstalled system cleanly.
[[0;32m  OK  [0m] Reached target [0;1;39mfinal.target[0m - Late Shutdown Services.
[[0;32m  OK  [0m] Finished [0;1;39msystemd-reboot.service[0m - System Reboot.
[[0;32m  OK  [0m] Reached target [0;1;39mreboot.target[0m - System Reboot.
[ 1092.429429] I/O error, dev sr0, sector 290644 op 0x0:(READ) flags 0x80700 phys_seg 6 prio class 0
[ 1092.457999] I/O error, dev sr0, sector 290644 op 0x0:(READ) flags 0x0 phys_seg 1 prio class 0
[ 1092.466364] I/O error, dev loop0, sector 110266 op 0x0:(READ) flags 0x800 phys_seg 7 prio class 0
[ 1092.471278] SQUASHFS error: Failed to read block 0x35d7620: -5
[ 1092.497581] I/O error, dev sr0, sector 290644 op 0x0:(READ) flags 0x0 phys_seg 1 prio class 0
[ 1092.507336] I/O error, dev loop0, sector 110266 op 0x0:(READ) flags 0x800 phys_seg 7 prio class 0
[ 1092.511398] SQUASHFS error: Failed to read block 0x35d7620: -5
[ 1092.537127] I/O error, dev sr0, sector 290644 op 0x0:(READ) flags 0x0 phys_seg 1 prio class 0
[ 1092.547155] I/O error, dev loop0, sector 110266 op 0x0:(READ) flags 0x800 phys_seg 7 prio class 0
[ 1092.556476] SQUASHFS error: Failed to read block 0x35d7620: -5
[ 1092.583601] I/O error, dev sr0, sector 199604 op 0x0:(READ) flags 0x80700 phys_seg 1 prio class 0
[ 1092.614985] I/O error, dev sr0, sector 199604 op 0x0:(READ) flags 0x0 phys_seg 1 prio class 0
[ 1092.624713] I/O error, dev loop0, sector 19228 op 0x0:(READ) flags 0x800 phys_seg 6 prio class 0
[ 1092.631650] SQUASHFS error: Failed to read block 0x963bdc: -5
[ 1092.636565] SQUASHFS error: Unable to read fragment cache entry [963bdc]
[ 1092.642077] SQUASHFS error: Unable to read fragment cache entry [963bdc]
[ 1092.647343] SQUASHFS error: Unable to read page, block 963bdc, size 4c60
[ 1092.652613] coredump: 31075((udev-worker)): |/bin/false pipe failed
[ 1092.657795] systemd-udevd[833]: sr0: Worker [31075] terminated by signal 7 (BUS).
[ 1092.774989] SQUASHFS error: Failed to read block 0x9e4664: -5
[ 1092.778364] SQUASHFS error: Unable to read fragment cache entry [9e4664]
[ 1092.783909] SQUASHFS error: Unable to read fragment cache entry [9e4664]
[ 1092.790901] SQUASHFS error: Unable to read page, block 9e4664, size 8144
[ 1093.164510] (sd-umoun[32777]: Failed to unmount /run/shutdown/mounts/a7f32612b58974e4: Device or resource busy
[ 1093.171083] shutdown[1]: Could not detach loopback /dev/loop2: Device or resource busy
[ 1093.174217] shutdown[1]: Could not detach loopback /dev/loop1: Device or resource busy
[ 1093.183645] shutdown[1]: Unable to finalize remaining file systems, loop devices, ignoring.
[ 1093.190891] reboot: Restarting system
